Archive member included to satisfy reference by file (symbol)

/home/dinhcuong/workspace/tools/gcc-arm-none-eabi-10.3-2021.10/arm-none-eabi/lib/thumb/v7-m/nofp/libc.a(lib_a-atof.o)
                              build_ak-base-kit-stm32l151-application/WString.o (atof)
/home/dinhcuong/workspace/tools/gcc-arm-none-eabi-10.3-2021.10/arm-none-eabi/lib/thumb/v7-m/nofp/libc.a(lib_a-atol.o)
                              build_ak-base-kit-stm32l151-application/WString.o (atol)
/home/dinhcuong/workspace/tools/gcc-arm-none-eabi-10.3-2021.10/arm-none-eabi/lib/thumb/v7-m/nofp/libc.a(lib_a-isspace.o)
                              build_ak-base-kit-stm32l151-application/WString.o (isspace)
/home/dinhcuong/workspace/tools/gcc-arm-none-eabi-10.3-2021.10/arm-none-eabi/lib/thumb/v7-m/nofp/libc.a(lib_a-malloc.o)
                              build_ak-base-kit-stm32l151-application/message.o (malloc)
/home/dinhcuong/workspace/tools/gcc-arm-none-eabi-10.3-2021.10/arm-none-eabi/lib/thumb/v7-m/nofp/libc.a(lib_a-mallocr.o)
                              /home/dinhcuong/workspace/tools/gcc-arm-none-eabi-10.3-2021.10/arm-none-eabi/lib/thumb/v7-m/nofp/libc.a(lib_a-malloc.o) (_malloc_r)
/home/dinhcuong/workspace/tools/gcc-arm-none-eabi-10.3-2021.10/arm-none-eabi/lib/thumb/v7-m/nofp/libc.a(lib_a-memcmp.o)
                              build_ak-base-kit-stm32l151-application/mbmfuncfiles.o (memcmp)
/home/dinhcuong/workspace/tools/gcc-arm-none-eabi-10.3-2021.10/arm-none-eabi/lib/thumb/v7-m/nofp/libc.a(lib_a-memcpy.o)
                              build_ak-base-kit-stm32l151-application/message.o (memcpy)
/home/dinhcuong/workspace/tools/gcc-arm-none-eabi-10.3-2021.10/arm-none-eabi/lib/thumb/v7-m/nofp/libc.a(lib_a-memmove.o)
                              build_ak-base-kit-stm32l151-application/WString.o (memmove)
/home/dinhcuong/workspace/tools/gcc-arm-none-eabi-10.3-2021.10/arm-none-eabi/lib/thumb/v7-m/nofp/libc.a(lib_a-memset.o)
                              build_ak-base-kit-stm32l151-application/task.o (memset)
/home/dinhcuong/workspace/tools/gcc-arm-none-eabi-10.3-2021.10/arm-none-eabi/lib/thumb/v7-m/nofp/libc.a(lib_a-mlock.o)
                              /home/dinhcuong/workspace/tools/gcc-arm-none-eabi-10.3-2021.10/arm-none-eabi/lib/thumb/v7-m/nofp/libc.a(lib_a-mallocr.o) (__malloc_lock)
/home/dinhcuong/workspace/tools/gcc-arm-none-eabi-10.3-2021.10/arm-none-eabi/lib/thumb/v7-m/nofp/libc.a(lib_a-rand.o)
                              build_ak-base-kit-stm32l151-application/WMath.o (srand)
/home/dinhcuong/workspace/tools/gcc-arm-none-eabi-10.3-2021.10/arm-none-eabi/lib/thumb/v7-m/nofp/libc.a(lib_a-realloc.o)
                              build_ak-base-kit-stm32l151-application/WString.o (realloc)
/home/dinhcuong/workspace/tools/gcc-arm-none-eabi-10.3-2021.10/arm-none-eabi/lib/thumb/v7-m/nofp/libc.a(lib_a-reallocr.o)
                              /home/dinhcuong/workspace/tools/gcc-arm-none-eabi-10.3-2021.10/arm-none-eabi/lib/thumb/v7-m/nofp/libc.a(lib_a-realloc.o) (_realloc_r)
/home/dinhcuong/workspace/tools/gcc-arm-none-eabi-10.3-2021.10/arm-none-eabi/lib/thumb/v7-m/nofp/libc.a(lib_a-sbrkr.o)
                              /home/dinhcuong/workspace/tools/gcc-arm-none-eabi-10.3-2021.10/arm-none-eabi/lib/thumb/v7-m/nofp/libc.a(lib_a-mallocr.o) (_sbrk_r)
/home/dinhcuong/workspace/tools/gcc-arm-none-eabi-10.3-2021.10/arm-none-eabi/lib/thumb/v7-m/nofp/libc.a(lib_a-sprintf.o)
                              build_ak-base-kit-stm32l151-application/scr_timer.o (sprintf)
/home/dinhcuong/workspace/tools/gcc-arm-none-eabi-10.3-2021.10/arm-none-eabi/lib/thumb/v7-m/nofp/libc.a(lib_a-strcat.o)
                              build_ak-base-kit-stm32l151-application/dtostrf.o (strcat)
/home/dinhcuong/workspace/tools/gcc-arm-none-eabi-10.3-2021.10/arm-none-eabi/lib/thumb/v7-m/nofp/libc.a(lib_a-strchr.o)
                              build_ak-base-kit-stm32l151-application/WString.o (strchr)
/home/dinhcuong/workspace/tools/gcc-arm-none-eabi-10.3-2021.10/arm-none-eabi/lib/thumb/v7-m/nofp/libc.a(lib_a-strcmp.o)
                              build_ak-base-kit-stm32l151-application/cmd_line.o (strcmp)
/home/dinhcuong/workspace/tools/gcc-arm-none-eabi-10.3-2021.10/arm-none-eabi/lib/thumb/v7-m/nofp/libc.a(lib_a-strcpy.o)
                              build_ak-base-kit-stm32l151-application/sys_dbg.o (strcpy)
/home/dinhcuong/workspace/tools/gcc-arm-none-eabi-10.3-2021.10/arm-none-eabi/lib/thumb/v7-m/nofp/libc.a(lib_a-strlen-stub.o)
                              build_ak-base-kit-stm32l151-application/xprintf.o (strlen)
/home/dinhcuong/workspace/tools/gcc-arm-none-eabi-10.3-2021.10/arm-none-eabi/lib/thumb/v7-m/nofp/libc.a(lib_a-strncmp.o)
                              build_ak-base-kit-stm32l151-application/WString.o (strncmp)
/home/dinhcuong/workspace/tools/gcc-arm-none-eabi-10.3-2021.10/arm-none-eabi/lib/thumb/v7-m/nofp/libc.a(lib_a-strncpy.o)
                              build_ak-base-kit-stm32l151-application/WString.o (strncpy)
[...]
Memory Configuration

Name             Origin             Length             Attributes
BSF              0x0000000008002000 0x0000000000001000 xr
FLASH            0x0000000008003000 0x000000000001d000 xr
SRAM             0x0000000020000000 0x0000000000004000 xrw
*default*        0x0000000000000000 0xffffffffffffffff

Linker script and memory map

                0x0000000000000800                HEAP_SIZE = 0x800

.start_boot_share_data_flash
                0x0000000008002000        0x0
                0x0000000008002000                _start_boot_share_data_flash = .

.start_flash    0x0000000008003000        0x0
                0x0000000008003000                _start_flash = .

.isr_vector     0x0000000008003000       0xf4
                0x0000000008003000                _isr_vector = .
 *(.isr_vector)
 .isr_vector    0x0000000008003000       0xf4 build_ak-base-kit-stm32l151-application/system.o
                0x0000000008003000                isr_vector
                0x00000000080030f4                . = ALIGN (0x4)

.text           0x00000000080030f8    0x1389c
                0x00000000080030f8                . = ALIGN (0x4)
 *(.text)
 .text          0x00000000080030f8       0xec /home/dinhcuong/workspace/tools/gcc-arm-none-eabi-10.3-2021.10/arm-none-eabi/lib/thumb/v7-m/nofp/libc.a(lib_a-memcpy.o)
                0x00000000080030f8                memcpy
 .text          0x00000000080031e4      0x1bc /home/dinhcuong/workspace/tools/gcc-arm-none-eabi-10.3-2021.10/arm-none-eabi/lib/thumb/v7-m/nofp/libc.a(lib_a-strcmp.o)
                0x00000000080031e4                strcmp
 .text          0x00000000080033a0      0x378 /home/dinhcuong/workspace/tools/gcc-arm-none-eabi-10.3-2021.10/lib/gcc/arm-none-eabi/10.3.1/thumb/v7-m/nofp/libgcc.a(_arm_addsubdf3.o)
                0x00000000080033a0                __aeabi_drsub
                0x00000000080033a8                __aeabi_dsub
                0x00000000080033a8                __subdf3
                0x00000000080033ac                __adddf3
                0x00000000080033ac                __aeabi_dadd
                0x0000000008003624                __aeabi_ui2d
                0x0000000008003624                __floatunsidf
                0x0000000008003644                __floatsidf
                0x0000000008003644                __aeabi_i2d
                0x0000000008003668                __extendsfdf2
                0x0000000008003668                __aeabi_f2d
                0x00000000080036ac                __aeabi_ul2d
                0x00000000080036ac                __floatundidf
                0x00000000080036bc                __floatdidf
                0x00000000080036bc                __aeabi_l2d
 .text          0x0000000008003718      0x424 /home/dinhcuong/workspace/tools/gcc-arm-none-eabi-10.3-2021.10/lib/gcc/arm-none-eabi/10.3.1/thumb/v7-m/nofp/libgcc.a(_arm_muldivdf3.o)
                0x0000000008003718                __aeabi_dmul
                0x0000000008003718                __muldf3
                0x000000000800396c                __aeabi_ddiv
                0x000000000800396c                __divdf3
 .text          0x0000000008003b3c      0x110 /home/dinhcuong/workspace/tools/gcc-arm-none-eabi-10.3-2021.10/lib/gcc/arm-none-eabi/10.3.1/thumb/v7-m/nofp/libgcc.a(_arm_cmpdf2.o)
                0x0000000008003b3c                __gtdf2
                0x0000000008003b3c                __gedf2
                0x0000000008003b44                __ltdf2
                0x0000000008003b44                __ledf2
                0x0000000008003b4c                __cmpdf2
                0x0000000008003b4c                __eqdf2
                0x0000000008003b4c                __nedf2
                0x0000000008003bc8                __aeabi_cdrcmple
                0x0000000008003bd8                __aeabi_cdcmple
                0x0000000008003bd8                __aeabi_cdcmpeq
                0x0000000008003be8                __aeabi_dcmpeq
                0x0000000008003bfc                __aeabi_dcmplt
                0x0000000008003c10                __aeabi_dcmple
                0x0000000008003c24                __aeabi_dcmpge
                0x0000000008003c38                __aeabi_dcmpgt
 .text          0x0000000008003c4c       0x2c /home/dinhcuong/workspace/tools/gcc-arm-none-eabi-10.3-2021.10/lib/gcc/arm-none-eabi/10.3.1/thumb/v7-m/nofp/libgcc.a(_arm_unorddf2.o)
                0x0000000008003c4c                __aeabi_dcmpun
                0x0000000008003c4c                __unorddf2
 .text          0x0000000008003c78       0x50 /home/dinhcuong/workspace/tools/gcc-arm-none-eabi-10.3-2021.10/lib/gcc/arm-none-eabi/10.3.1/thumb/v7-m/nofp/libgcc.a(_arm_fixdfsi.o)
                0x0000000008003c78                __fixdfsi
                0x0000000008003c78                __aeabi_d2iz
 .text          0x0000000008003cc8       0x40 /home/dinhcuong/workspace/tools/gcc-arm-none-eabi-10.3-2021.10/lib/gcc/arm-none-eabi/10.3.1/thumb/v7-m/nofp/libgcc.a(_arm_fixunsdfsi.o)
                0x0000000008003cc8                __fixunsdfsi
                0x0000000008003cc8                __aeabi_d2uiz
 .text          0x0000000008003d08      0x21c /home/dinhcuong/workspace/tools/gcc-arm-none-eabi-10.3-2021.10/lib/gcc/arm-none-eabi/10.3.1/thumb/v7-m/nofp/libgcc.a(_arm_addsubsf3.o)
                0x0000000008003d08                __aeabi_frsub
                0x0000000008003d10                __subsf3
                0x0000000008003d10                __aeabi_fsub
                0x0000000008003d14                __aeabi_fadd
                0x0000000008003d14                __addsf3
                0x0000000008003e74                __aeabi_ui2f
                0x0000000008003e74                __floatunsisf
                0x0000000008003e7c                __aeabi_i2f
                0x0000000008003e7c                __floatsisf
                0x0000000008003e98                __floatundisf
                0x0000000008003e98                __aeabi_ul2f
                0x0000000008003ea8                __floatdisf
                0x0000000008003ea8                __aeabi_l2f
 .text          0x0000000008003f24       0x30 /home/dinhcuong/workspace/tools/gcc-arm-none-eabi-10.3-2021.10/lib/gcc/arm-none-eabi/10.3.1/thumb/v7-m/nofp/libgcc.a(_aeabi_uldivmod.o)
                0x0000000008003f24                __aeabi_uldivmod
 .text          0x0000000008003f54      0x2d4 /home/dinhcuong/workspace/tools/gcc-arm-none-eabi-10.3-2021.10/lib/gcc/arm-none-eabi/10.3.1/thumb/v7-m/nofp/libgcc.a(_udivmoddi4.o)
                0x0000000008003f54                __udivmoddi4
 .text          0x0000000008004228        0x4 /home/dinhcuong/workspace/tools/gcc-arm-none-eabi-10.3-2021.10/lib/gcc/arm-none-eabi/10.3.1/thumb/v7-m/nofp/libgcc.a(_dvmd_tls.o)
                0x0000000008004228                __aeabi_ldiv0
                0x0000000008004228                __aeabi_idiv0
 *(.text*)
 .text.fsm_dispatch
                0x000000000800422c        0x6 build_ak-base-kit-stm32l151-application/fsm.o
                0x000000000800422c                fsm_dispatch
 *fill*         0x0000000008004232        0x2 
 .text.task_create
                0x0000000008004234       0x3c build_ak-base-kit-stm32l151-application/task.o
                0x0000000008004234                task_create
 .text.task_polling_create
                0x0000000008004270       0x34 build_ak-base-kit-stm32l151-application/task.o
                0x0000000008004270                task_polling_create
 .text.task_post
                0x00000000080042a4       0x84 build_ak-base-kit-stm32l151-application/task.o
                0x00000000080042a4                task_post
 .text.task_remove_msg
                0x0000000008004328       0xb4 build_ak-base-kit-stm32l151-application/task.o
                0x0000000008004328                task_remove_msg
 .text.task_post_pure_msg
                0x00000000080043dc       0x18 build_ak-base-kit-stm32l151-application/task.o
                0x00000000080043dc                task_post_pure_msg
 .text.task_post_common_msg
                0x00000000080043f4       0x2a build_ak-base-kit-stm32l151-application/task.o
                0x00000000080043f4                task_post_common_msg
 *fill*         0x000000000800441e        0x2 
 .text.task_entry_interrupt
                0x0000000008004420       0x1c build_ak-base-kit-stm32l151-application/task.o
                0x0000000008004420                task_entry_interrupt
 .text.task_exit_interrupt
                0x000000000800443c       0x24 build_ak-base-kit-stm32l151-application/task.o
                0x000000000800443c                task_exit_interrupt
 .text.task_init
                0x0000000008004460       0x40 build_ak-base-kit-stm32l151-application/task.o
                0x0000000008004460                task_init
 .text.task_polling_run
                0x00000000080044a0       0x34 build_ak-base-kit-stm32l151-application/task.o
                0x00000000080044a0                task_polling_run
 .text.task_run
                0x00000000080044d4      0x138 build_ak-base-kit-stm32l151-application/task.o
                0x00000000080044d4                task_run
 .text.get_current_task_id
                0x000000000800460c        0xc build_ak-base-kit-stm32l151-application/task.o
                0x000000000800460c                get_current_task_id
 .text.get_current_task_info
                0x0000000008004618        0x8 build_ak-base-kit-stm32l151-application/task.o
                0x0000000008004618                get_current_task_info
 .text.get_current_active_object
                0x0000000008004620        0x8 build_ak-base-kit-stm32l151-application/task.o
                0x0000000008004620                get_current_active_object
 .text.timer_remove_msg
                0x0000000008004628       0x64 build_ak-base-kit-stm32l151-application/timer.o
 .text.task_timer_tick
                0x000000000800468c       0x7c build_ak-base-kit-stm32l151-application/timer.o
                0x000000000800468c                task_timer_tick
 .text.timer_init
                0x0000000008004708       0x6c build_ak-base-kit-stm32l151-application/timer.o
                0x0000000008004708                timer_init
 .text.timer_tick
                0x0000000008004774       0x38 build_ak-base-kit-stm32l151-application/timer.o
                0x0000000008004774                timer_tick
 .text.timer_set
                0x00000000080047ac       0x98 build_ak-base-kit-stm32l151-application/timer.o
                0x00000000080047ac                timer_set
 .text.timer_remove_attr
                0x0000000008004844       0x18 build_ak-base-kit-stm32l151-application/timer.o
                0x0000000008004844                timer_remove_attr
 .text.free_common_msg
                0x000000000800485c       0x28 build_ak-base-kit-stm32l151-application/message.o
 .text.free_pure_msg
                0x0000000008004884       0x28 build_ak-base-kit-stm32l151-application/message.o
 .text.free_dynamic_msg
                0x00000000080048ac       0x30 build_ak-base-kit-stm32l151-application/message.o
 .text.msg_init
                0x00000000080048dc      0x100 build_ak-base-kit-stm32l151-application/message.o
                0x00000000080048dc                msg_init
 .text.msg_force_free
                0x00000000080049dc       0x44 build_ak-base-kit-stm32l151-application/message.o
                0x00000000080049dc                msg_force_free
 .text.msg_inc_ref_count
                0x0000000008004a20       0x2c build_ak-base-kit-stm32l151-application/message.o
                0x0000000008004a20                msg_inc_ref_count
 .text.msg_dec_ref_count
                0x0000000008004a4c       0x28 build_ak-base-kit-stm32l151-application/message.o
                0x0000000008004a4c                msg_dec_ref_count
 .text.msg_free
                0x0000000008004a74       0x58 build_ak-base-kit-stm32l151-application/message.o
                0x0000000008004a74                msg_free
 .text.ak_malloc
                0x0000000008004acc       0x50 build_ak-base-kit-stm32l151-application/message.o
                0x0000000008004acc                ak_malloc
 .text.get_pure_msg
                0x0000000008004b1c       0x5c build_ak-base-kit-stm32l151-application/message.o
                0x0000000008004b1c                get_pure_msg
 .text.get_common_msg
                0x0000000008004b78       0x60 build_ak-base-kit-stm32l151-application/message.o
                0x0000000008004b78                get_common_msg
 .text.set_data_common_msg
                0x0000000008004bd8       0x4c build_ak-base-kit-stm32l151-application/message.o
                0x0000000008004bd8                set_data_common_msg
 .text.get_data_common_msg
                0x0000000008004c24       0x28 build_ak-base-kit-stm32l151-application/message.o
                0x0000000008004c24                get_data_common_msg
 .text.get_data_len_common_msg
                0x0000000008004c4c       0x28 build_ak-base-kit-stm32l151-application/message.o
                0x0000000008004c4c                get_data_len_common_msg
 .text.get_dynamic_msg
                0x0000000008004c74       0x64 build_ak-base-kit-stm32l151-application/message.o
                0x0000000008004c74                get_dynamic_msg
 .text.set_data_dynamic_msg
                0x0000000008004cd8       0x3c build_ak-base-kit-stm32l151-application/message.o
                0x0000000008004cd8                set_data_dynamic_msg
 .text.get_data_dynamic_msg
                0x0000000008004d14       0x28 build_ak-base-kit-stm32l151-application/message.o
                0x0000000008004d14                get_data_dynamic_msg
 .text.get_data_len_dynamic_msg
                0x0000000008004d3c        0x4 build_ak-base-kit-stm32l151-application/message.o
                0x0000000008004d3c                get_data_len_dynamic_msg
 .text.log_queue_init
                0x0000000008004d40       0x2e build_ak-base-kit-stm32l151-application/log_queue.o
                0x0000000008004d40                log_queue_init
 .text.log_queue_len
                0x0000000008004d6e        0x4 build_ak-base-kit-stm32l151-application/log_queue.o
                0x0000000008004d6e                log_queue_len
 .text.log_queue_put
                0x0000000008004d72       0x5c build_ak-base-kit-stm32l151-application/log_queue.o
                0x0000000008004d72                log_queue_put
 .text.log_queue_get
                0x0000000008004dce       0x30 build_ak-base-kit-stm32l151-application/log_queue.o
                0x0000000008004dce                log_queue_get
 .text.fifo_init
                0x0000000008004dfe       0x12 build_ak-base-kit-stm32l151-application/fifo.o
                0x0000000008004dfe                fifo_init
 .text.fifo_availble
                0x0000000008004e10        0x4 build_ak-base-kit-stm32l151-application/fifo.o
                0x0000000008004e10                fifo_availble
 .text.fifo_is_full
                0x0000000008004e14        0xc build_ak-base-kit-stm32l151-application/fifo.o
                0x0000000008004e14                fifo_is_full
 .text.fifo_put
                0x0000000008004e20       0x54 build_ak-base-kit-stm32l151-application/fifo.o
                0x0000000008004e20                fifo_put
 .text.fifo_get
                0x0000000008004e74       0x50 build_ak-base-kit-stm32l151-application/fifo.o
                0x0000000008004e74                fifo_get
 .text.ring_buffer_char_init
                0x0000000008004ec4        0xc build_ak-base-kit-stm32l151-application/ring_buffer.o
                0x0000000008004ec4                ring_buffer_char_init
 .text.ring_buffer_char_is_empty
                0x0000000008004ed0        0xa build_ak-base-kit-stm32l151-application/ring_buffer.o
                0x0000000008004ed0                ring_buffer_char_is_empty
 .text.ring_buffer_char_put
                0x0000000008004eda       0x36 build_ak-base-kit-stm32l151-application/ring_buffer.o
                0x0000000008004eda                ring_buffer_char_put
 .text.ring_buffer_char_get
                0x0000000008004f10       0x26 build_ak-base-kit-stm32l151-application/ring_buffer.o
                0x0000000008004f10                ring_buffer_char_get
 .text.init_log_ring_buffer
                0x0000000008004f36       0x12 build_ak-base-kit-stm32l151-application/log.o
                0x0000000008004f36                init_log_ring_buffer
 .text.print_time_sec
                0x0000000008004f48       0x2c build_ak-base-kit-stm32l151-application/log.o
                0x0000000008004f48                print_time_sec
 .text.ring_buffer_put_log
                0x0000000008004f74      0x122 build_ak-base-kit-stm32l151-application/log.o
                0x0000000008004f74                ring_buffer_put_log
 *fill*         0x0000000008005096        0x2 
 .text.ring_buffer_print_logs
                0x0000000008005098      0x14c build_ak-base-kit-stm32l151-application/log.o
                0x0000000008005098                ring_buffer_print_logs
 .text.log_buffer_to_eeprom
                0x00000000080051e4       0x4a build_ak-base-kit-stm32l151-application/log.o
                0x00000000080051e4                log_buffer_to_eeprom
 *fill*         0x000000000800522e        0x2 
 .text.print_logs_from_eeprom
                0x0000000008005230       0x54 build_ak-base-kit-stm32l151-application/log.o
                0x0000000008005230                print_logs_from_eeprom
 .text.log_clear_eeprom
                0x0000000008005284       0x18 build_ak-base-kit-stm32l151-application/log.o
                0x0000000008005284                log_clear_eeprom
 .text.mem_read
                0x000000000800529c       0x18 build_ak-base-kit-stm32l151-application/utils.o
                0x000000000800529c                mem_read
 .text.mem_write
                0x00000000080052b4       0x1a build_ak-base-kit-stm32l151-application/utils.o
                0x00000000080052b4                mem_write
 *fill*         0x00000000080052ce        0x2 
 .text.ilog10   0x00000000080052d0       0xd8 build_ak-base-kit-stm32l151-application/xprintf.o
 .text.i10x     0x00000000080053a8       0x78 build_ak-base-kit-stm32l151-application/xprintf.o
 .text.xfputc   0x0000000008005420       0x30 build_ak-base-kit-stm32l151-application/xprintf.o
                0x0000000008005420                xfputc
 .text.xvfprintf
                0x0000000008005450      0x580 build_ak-base-kit-stm32l151-application/xprintf.o
 .text.xprintf  0x00000000080059d0       0x24 build_ak-base-kit-stm32l151-application/xprintf.o
                0x00000000080059d0                xprintf
 .text.cmd_line_parser
                0x00000000080059f4       0x7c build_ak-base-kit-stm32l151-application/cmd_line.o
                0x00000000080059f4                cmd_line_parser
 .text.button_init
                0x0000000008005a70       0x34 build_ak-base-kit-stm32l151-application/button.o
                0x0000000008005a70                button_init
 .text.button_enable
                0x0000000008005aa4        0x6 build_ak-base-kit-stm32l151-application/button.o
                0x0000000008005aa4                button_enable
 .text.button_timer_polling
                0x0000000008005aaa       0x76 build_ak-base-kit-stm32l151-application/button.o
                0x0000000008005aaa                button_timer_polling
 .text.flash_wait_to_idle
                0x0000000008005b20       0x32 build_ak-base-kit-stm32l151-application/flash.o
 .text.flash_set_write_enable.constprop.0
                0x0000000008005b52       0x14 build_ak-base-kit-stm32l151-application/flash.o
 .text.flash_is_connected
                0x0000000008005b66       0x22 build_ak-base-kit-stm32l151-application/flash.o
                0x0000000008005b66                flash_is_connected
 .text.flash_read
                0x0000000008005b88       0x5e build_ak-base-kit-stm32l151-application/flash.o
                0x0000000008005b88                flash_read
 .text.flash_write
                0x0000000008005be6       0x6c build_ak-base-kit-stm32l151-application/flash.o
                0x0000000008005be6                flash_write
 .text.flash_erase_sector
                0x0000000008005c52       0x48 build_ak-base-kit-stm32l151-application/flash.o
                0x0000000008005c52                flash_erase_sector
 .text.flash_erase_block_64k
                0x0000000008005c9a       0x46 build_ak-base-kit-stm32l151-application/flash.o
                0x0000000008005c9a                flash_erase_block_64k
 .text.led_init
                0x0000000008005ce0       0x20 build_ak-base-kit-stm32l151-application/led.o
                0x0000000008005ce0                led_init
 .text.led_on   0x0000000008005d00        0xc build_ak-base-kit-stm32l151-application/led.o
                0x0000000008005d00                led_on
 .text.led_off  0x0000000008005d0c        0xc build_ak-base-kit-stm32l151-application/led.o
                0x0000000008005d0c                led_off
 .text.led_toggle
                0x0000000008005d18       0x12 build_ak-base-kit-stm32l151-application/led.o
                0x0000000008005d18                led_toggle
 *fill*         0x0000000008005d2a        0x2 
 .text.BUZZER_Init
                0x0000000008005d2c       0xe0 build_ak-base-kit-stm32l151-application/buzzer.o
                0x0000000008005d2c                BUZZER_Init
 .text.BUZZER_Disable
                0x0000000008005e0c       0x38 build_ak-base-kit-stm32l151-application/buzzer.o
                0x0000000008005e0c                BUZZER_Disable
 .text.BUZZER_Enable
                0x0000000008005e44       0x84 build_ak-base-kit-stm32l151-application/buzzer.o
                0x0000000008005e44                BUZZER_Enable
 .text.buzzer_irq
                0x0000000008005ec8       0x98 build_ak-base-kit-stm32l151-application/buzzer.o
                0x0000000008005ec8                buzzer_irq
 .text.BUZZER_PlayTones
                0x0000000008005f60       0x1c build_ak-base-kit-stm32l151-application/buzzer.o
                0x0000000008005f60                BUZZER_PlayTones
 .text.init     0x0000000008005f7c       0x50 build_ak-base-kit-stm32l151-application/rtc.o
                0x0000000008005f7c                init
 .text.rtc_init_instance
                0x0000000008005fcc       0x84 build_ak-base-kit-stm32l151-application/rtc.o
                0x0000000008005fcc                rtc_init_instance
 .text.rtc_get_time
                0x0000000008006050       0x34 build_ak-base-kit-stm32l151-application/rtc.o
                0x0000000008006050                rtc_get_time
 .text.rtc_get_time_uint32_sec
                0x0000000008006084       0x2a build_ak-base-kit-stm32l151-application/rtc.o
                0x0000000008006084                rtc_get_time_uint32_sec
 .text.rtc_set_time
                0x00000000080060ae       0x34 build_ak-base-kit-stm32l151-application/rtc.o
                0x00000000080060ae                rtc_set_time
 *fill*         0x00000000080060e2        0x2 
 .text.sys_dbg_cpu_dump
                0x00000000080060e4       0x4c build_ak-base-kit-stm32l151-application/sys_dbg.o
                0x00000000080060e4                sys_dbg_cpu_dump
 .text.sys_dbg_stack_space_dump
                0x0000000008006130       0x30 build_ak-base-kit-stm32l151-application/sys_dbg.o
                0x0000000008006130                sys_dbg_stack_space_dump
 .text.sys_dbg_fatal
                0x0000000008006160      0x3cc build_ak-base-kit-stm32l151-application/sys_dbg.o
                0x0000000008006160                sys_dbg_fatal
 .text.sys_boot_init
                0x000000000800652c       0x14 build_ak-base-kit-stm32l151-application/sys_boot.o
                0x000000000800652c                sys_boot_init
 .text.sys_boot_get
                0x0000000008006540        0xc build_ak-base-kit-stm32l151-application/sys_boot.o
                0x0000000008006540                sys_boot_get
 .text.sys_boot_set
                0x000000000800654c       0x34 build_ak-base-kit-stm32l151-application/sys_boot.o
                0x000000000800654c                sys_boot_set
 .text.hal_nrf_rw
                0x0000000008006580        0x4 build_ak-base-kit-stm32l151-application/hal_nrf_hw.o
                0x0000000008006580                hal_nrf_rw
 .text.hal_nrf_read_rx_pl_w
                0x0000000008006584       0x1c build_ak-base-kit-stm32l151-application/hal_nrf_l01.o
                0x0000000008006584                hal_nrf_read_rx_pl_w
 .text.hal_nrf_read_reg
                0x00000000080065a0       0x1e build_ak-base-kit-stm32l151-application/hal_nrf_l01.o
                0x00000000080065a0                hal_nrf_read_reg
 .text.hal_nrf_get_address_width
                0x00000000080065be        0xe build_ak-base-kit-stm32l151-application/hal_nrf_l01.o
                0x00000000080065be                hal_nrf_get_address_width
 .text.hal_nrf_write_reg
                0x00000000080065cc       0x40 build_ak-base-kit-stm32l151-application/hal_nrf_l01.o
                0x00000000080065cc                hal_nrf_write_reg
 .text.hal_nrf_set_irq_mode
                0x000000000800660c       0x2a build_ak-base-kit-stm32l151-application/hal_nrf_l01.o
                0x000000000800660c                hal_nrf_set_irq_mode
 .text.hal_nrf_get_clear_irq_flags
                0x0000000008006636       0x10 build_ak-base-kit-stm32l151-application/hal_nrf_l01.o
                0x0000000008006636                hal_nrf_get_clear_irq_flags
 .text.hal_nrf_set_crc_mode
                0x0000000008006646       0x1e build_ak-base-kit-stm32l151-application/hal_nrf_l01.o
                0x0000000008006646                hal_nrf_set_crc_mode
 .text.hal_nrf_open_pipe
                0x0000000008006664       0x60 build_ak-base-kit-stm32l151-application/hal_nrf_l01.o
                0x0000000008006664                hal_nrf_open_pipe
 .text.hal_nrf_close_pipe
                0x00000000080066c4       0x4c build_ak-base-kit-stm32l151-application/hal_nrf_l01.o
                0x00000000080066c4                hal_nrf_close_pipe
 .text.hal_nrf_set_auto_retr
                0x0000000008006710       0x14 build_ak-base-kit-stm32l151-application/hal_nrf_l01.o
                0x0000000008006710                hal_nrf_set_auto_retr
 .text.hal_nrf_set_address_width
                0x0000000008006724        0xa build_ak-base-kit-stm32l151-application/hal_nrf_l01.o
                0x0000000008006724                hal_nrf_set_address_width
 .text.hal_nrf_set_rx_pload_width
                0x000000000800672e        0x8 build_ak-base-kit-stm32l151-application/hal_nrf_l01.o
                0x000000000800672e                hal_nrf_set_rx_pload_width
 .text.hal_nrf_set_operation_mode
                0x0000000008006736       0x28 build_ak-base-kit-stm32l151-application/hal_nrf_l01.o
                0x0000000008006736                hal_nrf_set_operation_mode
 .text.hal_nrf_set_power_mode
                0x000000000800675e       0x28 build_ak-base-kit-stm32l151-application/hal_nrf_l01.o
                0x000000000800675e                hal_nrf_set_power_mode
 .text.hal_nrf_set_rf_channel
                0x0000000008006786        0x8 build_ak-base-kit-stm32l151-application/hal_nrf_l01.o
                0x0000000008006786                hal_nrf_set_rf_channel
 .text.hal_nrf_set_output_power
                0x000000000800678e       0x1e build_ak-base-kit-stm32l151-application/hal_nrf_l01.o
                0x000000000800678e                hal_nrf_set_output_power
 .text.hal_nrf_set_datarate
                0x00000000080067ac       0x26 build_ak-base-kit-stm32l151-application/hal_nrf_l01.o
                0x00000000080067ac                hal_nrf_set_datarate
 .text.hal_nrf_flush_rx
                0x00000000080067d2        0x8 build_ak-base-kit-stm32l151-application/hal_nrf_l01.o
                0x00000000080067d2                hal_nrf_flush_rx
 .text.hal_nrf_flush_tx
                0x00000000080067da        0x8 build_ak-base-kit-stm32l151-application/hal_nrf_l01.o
                0x00000000080067da                hal_nrf_flush_tx
 .text.hal_nrf_nop
                0x00000000080067e2        0x8 build_ak-base-kit-stm32l151-application/hal_nrf_l01.o
                0x00000000080067e2                hal_nrf_nop
 .text.hal_nrf_get_rx_data_source
                0x00000000080067ea        0xc build_ak-base-kit-stm32l151-application/hal_nrf_l01.o
                0x00000000080067ea                hal_nrf_get_rx_data_source
 .text.hal_nrf_rx_fifo_empty
                0x00000000080067f6        0xe build_ak-base-kit-stm32l151-application/hal_nrf_l01.o
                0x00000000080067f6                hal_nrf_rx_fifo_empty
 .text.hal_nrf_set_lna_gain
                0x0000000008006804       0x28 build_ak-base-kit-stm32l151-application/hal_nrf_l01.o
                0x0000000008006804                hal_nrf_set_lna_gain
 .text.hal_nrf_read_multibyte_reg
                0x000000000800682c       0x62 build_ak-base-kit-stm32l151-application/hal_nrf_l01.o
                0x000000000800682c                hal_nrf_read_multibyte_reg
 .text.hal_nrf_read_rx_pload
                0x000000000800688e        0x8 build_ak-base-kit-stm32l151-application/hal_nrf_l01.o
                0x000000000800688e                hal_nrf_read_rx_pload
 .text.hal_nrf_write_multibyte_reg
                0x0000000008006896       0x4c build_ak-base-kit-stm32l151-application/hal_nrf_l01.o
                0x0000000008006896                hal_nrf_write_multibyte_reg
 .text.hal_nrf_set_address
                0x00000000080068e2       0x1e build_ak-base-kit-stm32l151-application/hal_nrf_l01.o
                0x00000000080068e2                hal_nrf_set_address
 .text.hal_nrf_write_tx_pload
                0x0000000008006900        0xa build_ak-base-kit-stm32l151-application/hal_nrf_l01.o
                0x0000000008006900                hal_nrf_write_tx_pload
 *fill*         0x000000000800690a        0x2 
 .text.eMBExceptionToErrorcode
                0x000000000800690c       0x14 build_ak-base-kit-stm32l151-application/mbutils.o
                0x000000000800690c                eMBExceptionToErrorcode
 .text.bMBMIsHdlValid
                0x0000000008006920       0x18 build_ak-base-kit-stm32l151-application/mbm.o
                0x0000000008006920                bMBMIsHdlValid
 .text.vMBMMasterTransactionPolled
                0x0000000008006938       0xae build_ak-base-kit-stm32l151-application/mbm.o
                0x0000000008006938                vMBMMasterTransactionPolled
 .text.vMBMReadHoldingRegistersPolled
                0x00000000080069e6      0x136 build_ak-base-kit-stm32l151-application/mbmfuncholding.o
                0x00000000080069e6                vMBMReadHoldingRegistersPolled
 .text.eMBMReadHoldingRegisters
                0x0000000008006b1c       0x42 build_ak-base-kit-stm32l151-application/mbmfuncholding.o
                0x0000000008006b1c                eMBMReadHoldingRegisters
 .text.vMBMReadCoilsPolled
                0x0000000008006b5e      0x114 build_ak-base-kit-stm32l151-application/mbmfunccoils.o
                0x0000000008006b5e                vMBMReadCoilsPolled
 .text.eMBMReadCoils
                0x0000000008006c72       0x42 build_ak-base-kit-stm32l151-application/mbmfunccoils.o
                0x0000000008006c72                eMBMReadCoils
 .text.vMBMReadDiscreteInputsPolled
                0x0000000008006cb4      0x114 build_ak-base-kit-stm32l151-application/mbmfuncdisc.o
                0x0000000008006cb4                vMBMReadDiscreteInputsPolled
 .text.eMBMReadDiscreteInputs
                0x0000000008006dc8       0x42 build_ak-base-kit-stm32l151-application/mbmfuncdisc.o
                0x0000000008006dc8                eMBMReadDiscreteInputs
 .text.vMBMReadInputRegistersPolled
                0x0000000008006e0a      0x120 build_ak-base-kit-stm32l151-application/mbmfuncinput.o
                0x0000000008006e0a                vMBMReadInputRegistersPolled
 .text.eMBMReadInputRegisters
                0x0000000008006f2a       0x42 build_ak-base-kit-stm32l151-application/mbmfuncinput.o
                0x0000000008006f2a                eMBMReadInputRegisters
 .text.bMBPEventGet
                0x0000000008006f6c       0x34 build_ak-base-kit-stm32l151-application/mbportevent.o
                0x0000000008006f6c                bMBPEventGet
 .text.vMBPAssert
                0x0000000008006fa0       0x1c build_ak-base-kit-stm32l151-application/mbportother.o
                0x0000000008006fa0                vMBPAssert
 .text.vMBPEnterCritical
                0x0000000008006fbc        0x4 build_ak-base-kit-stm32l151-application/mbportother.o
                0x0000000008006fbc                vMBPEnterCritical
 .text.vMBPExitCritical
                0x0000000008006fc0        0x4 build_ak-base-kit-stm32l151-application/mbportother.o
                0x0000000008006fc0                vMBPExitCritical
 .text.vMBPUSART2ISR
                0x0000000008006fc4       0xec build_ak-base-kit-stm32l151-application/mbportserial.o
                0x0000000008006fc4                vMBPUSART2ISR
 .text.eMBPTimerStart
                0x00000000080070b0       0x2c build_ak-base-kit-stm32l151-application/mbporttimer.o
                0x00000000080070b0                eMBPTimerStart
 .text.eMBPTimerStop
                0x00000000080070dc       0x30 build_ak-base-kit-stm32l151-application/mbporttimer.o
                0x00000000080070dc                eMBPTimerStop
 .text.vMBPTimerISR
                0x000000000800710c       0x58 build_ak-base-kit-stm32l151-application/mbporttimer.o
                0x000000000800710c                vMBPTimerISR
 .text.GPIO_Init
                0x0000000008007164       0x78 build_ak-base-kit-stm32l151-application/stm32l1xx_gpio.o
                0x0000000008007164                GPIO_Init
 .text.GPIO_ReadInputDataBit
                0x00000000080071dc        0xc build_ak-base-kit-stm32l151-application/stm32l1xx_gpio.o
                0x00000000080071dc                GPIO_ReadInputDataBit
 .text.GPIO_SetBits
                0x00000000080071e8        0x4 build_ak-base-kit-stm32l151-application/stm32l1xx_gpio.o
                0x00000000080071e8                GPIO_SetBits
 .text.GPIO_ResetBits
                0x00000000080071ec        0x4 build_ak-base-kit-stm32l151-application/stm32l1xx_gpio.o
                0x00000000080071ec                GPIO_ResetBits
 .text.GPIO_PinAFConfig
                0x00000000080071f0       0x24 build_ak-base-kit-stm32l151-application/stm32l1xx_gpio.o
                0x00000000080071f0                GPIO_PinAFConfig
 .text.RCC_HSICmd
                0x0000000008007214        0xc build_ak-base-kit-stm32l151-application/stm32l1xx_rcc.o
                0x0000000008007214                RCC_HSICmd
 .text.RCC_LSEConfig
                0x0000000008007220       0x14 build_ak-base-kit-stm32l151-application/stm32l1xx_rcc.o
                0x0000000008007220                RCC_LSEConfig
 .text.RCC_GetClocksFreq
                0x0000000008007234       0x9c build_ak-base-kit-stm32l151-application/stm32l1xx_rcc.o
                0x0000000008007234                RCC_GetClocksFreq
 .text.RCC_RTCCLKConfig
                0x00000000080072d0       0x30 build_ak-base-kit-stm32l151-application/stm32l1xx_rcc.o
                0x00000000080072d0                RCC_RTCCLKConfig
 .text.RCC_RTCCLKCmd
                0x0000000008007300        0xc build_ak-base-kit-stm32l151-application/stm32l1xx_rcc.o
                0x0000000008007300                RCC_RTCCLKCmd
 .text.RCC_AHBPeriphClockCmd
                0x000000000800730c       0x18 build_ak-base-kit-stm32l151-application/stm32l1xx_rcc.o
                0x000000000800730c                RCC_AHBPeriphClockCmd
 .text.RCC_APB2PeriphClockCmd
                0x0000000008007324       0x18 build_ak-base-kit-stm32l151-application/stm32l1xx_rcc.o
                0x0000000008007324                RCC_APB2PeriphClockCmd
 .text.RCC_APB1PeriphClockCmd
                0x000000000800733c       0x18 build_ak-base-kit-stm32l151-application/stm32l1xx_rcc.o
                0x000000000800733c                RCC_APB1PeriphClockCmd
 .text.RCC_APB2PeriphResetCmd
                0x0000000008007354       0x18 build_ak-base-kit-stm32l151-application/stm32l1xx_rcc.o
                0x0000000008007354                RCC_APB2PeriphResetCmd
 .text.RCC_APB1PeriphResetCmd
                0x000000000800736c       0x18 build_ak-base-kit-stm32l151-application/stm32l1xx_rcc.o
                0x000000000800736c                RCC_APB1PeriphResetCmd
 .text.RCC_GetFlagStatus
                0x0000000008007384       0x20 build_ak-base-kit-stm32l151-application/stm32l1xx_rcc.o
                0x0000000008007384                RCC_GetFlagStatus
 .text.USART_Init
                0x00000000080073a4       0xa4 build_ak-base-kit-stm32l151-application/stm32l1xx_usart.o
                0x00000000080073a4                USART_Init
 .text.USART_Cmd
                0x0000000008007448       0x18 build_ak-base-kit-stm32l151-application/stm32l1xx_usart.o
                0x0000000008007448                USART_Cmd
 .text.USART_SendData
                0x0000000008007460        0x8 build_ak-base-kit-stm32l151-application/stm32l1xx_usart.o
                0x0000000008007460                USART_SendData
 .text.USART_ReceiveData
                0x0000000008007468        0x8 build_ak-base-kit-stm32l151-application/stm32l1xx_usart.o
                0x0000000008007468                USART_ReceiveData
 .text.USART_ITConfig
                0x0000000008007470       0x30 build_ak-base-kit-stm32l151-application/stm32l1xx_usart.o
                0x0000000008007470                USART_ITConfig
 .text.USART_GetFlagStatus
                0x00000000080074a0        0xc build_ak-base-kit-stm32l151-application/stm32l1xx_usart.o
                0x00000000080074a0                USART_GetFlagStatus
 .text.USART_GetITStatus
                0x00000000080074ac       0x3e build_ak-base-kit-stm32l151-application/stm32l1xx_usart.o
                0x00000000080074ac                USART_GetITStatus
 .text.USART_ClearITPendingBit
                0x00000000080074ea        0xe build_ak-base-kit-stm32l151-application/stm32l1xx_usart.o
                0x00000000080074ea                USART_ClearITPendingBit
 .text.SPI_I2S_DeInit
                0x00000000080074f8       0x64 build_ak-base-kit-stm32l151-application/stm32l1xx_spi.o
                0x00000000080074f8                SPI_I2S_DeInit
 .text.SPI_Init
                0x000000000800755c       0x3e build_ak-base-kit-stm32l151-application/stm32l1xx_spi.o
                0x000000000800755c                SPI_Init
 .text.SPI_Cmd  0x000000000800759a       0x18 build_ak-base-kit-stm32l151-application/stm32l1xx_spi.o
                0x000000000800759a                SPI_Cmd
 .text.SPI_I2S_ReceiveData
                0x00000000080075b2        0x6 build_ak-base-kit-stm32l151-application/stm32l1xx_spi.o
                0x00000000080075b2                SPI_I2S_ReceiveData
 .text.SPI_I2S_SendData
                0x00000000080075b8        0x4 build_ak-base-kit-stm32l151-application/stm32l1xx_spi.o
                0x00000000080075b8                SPI_I2S_SendData
 .text.SPI_I2S_GetFlagStatus
                0x00000000080075bc        0xc build_ak-base-kit-stm32l151-application/stm32l1xx_spi.o
                0x00000000080075bc                SPI_I2S_GetFlagStatus
 .text.NVIC_PriorityGroupConfig
                0x00000000080075c8       0x14 build_ak-base-kit-stm32l151-application/misc.o
                0x00000000080075c8                NVIC_PriorityGroupConfig
 .text.NVIC_Init
                0x00000000080075dc       0x58 build_ak-base-kit-stm32l151-application/misc.o
                0x00000000080075dc                NVIC_Init
 .text.EXTI_Init
                0x0000000008007634       0x6c build_ak-base-kit-stm32l151-application/stm32l1xx_exti.o
                0x0000000008007634                EXTI_Init
 .text.EXTI_GetFlagStatus
                0x00000000080076a0       0x14 build_ak-base-kit-stm32l151-application/stm32l1xx_exti.o
                0x00000000080076a0                EXTI_GetFlagStatus
 .text.EXTI_GetITStatus
                0x00000000080076b4        0x4 build_ak-base-kit-stm32l151-application/stm32l1xx_exti.o
                0x00000000080076b4                EXTI_GetITStatus
 .text.EXTI_ClearITPendingBit
                0x00000000080076b8        0xc build_ak-base-kit-stm32l151-application/stm32l1xx_exti.o
                0x00000000080076b8                EXTI_ClearITPendingBit
 .text.SYSCFG_EXTILineConfig
                0x00000000080076c4       0x2a build_ak-base-kit-stm32l151-application/stm32l1xx_syscfg.o
                0x00000000080076c4                SYSCFG_EXTILineConfig
 *fill*         0x00000000080076ee        0x2 
 .text.TIM_DeInit
                0x00000000080076f0       0xe4 build_ak-base-kit-stm32l151-application/stm32l1xx_tim.o
                0x00000000080076f0                TIM_DeInit
 .text.TIM_TimeBaseInit
                0x00000000080077d4       0x58 build_ak-base-kit-stm32l151-application/stm32l1xx_tim.o
                0x00000000080077d4                TIM_TimeBaseInit
 .text.TIM_ARRPreloadConfig
                0x000000000800782c       0x18 build_ak-base-kit-stm32l151-application/stm32l1xx_tim.o
                0x000000000800782c                TIM_ARRPreloadConfig
 .text.TIM_Cmd  0x0000000008007844       0x18 build_ak-base-kit-stm32l151-application/stm32l1xx_tim.o
                0x0000000008007844                TIM_Cmd
 .text.TIM_OC3Init
                0x000000000800785c       0x3c build_ak-base-kit-stm32l151-application/stm32l1xx_tim.o
                0x000000000800785c                TIM_OC3Init
 .text.TIM_OC3PreloadConfig
                0x0000000008007898       0x10 build_ak-base-kit-stm32l151-application/stm32l1xx_tim.o
                0x0000000008007898                TIM_OC3PreloadConfig
 .text.TIM_ITConfig
                0x00000000080078a8       0x12 build_ak-base-kit-stm32l151-application/stm32l1xx_tim.o
                0x00000000080078a8                TIM_ITConfig
 .text.TIM_GetITStatus
                0x00000000080078ba       0x16 build_ak-base-kit-stm32l151-application/stm32l1xx_tim.o
                0x00000000080078ba                TIM_GetITStatus
 .text.TIM_ClearITPendingBit
                0x00000000080078d0        0x8 build_ak-base-kit-stm32l151-application/stm32l1xx_tim.o
                0x00000000080078d0                TIM_ClearITPendingBit
 .text.ADC_Init
                0x00000000080078d8       0x4c build_ak-base-kit-stm32l151-application/stm32l1xx_adc.o
                0x00000000080078d8                ADC_Init
 .text.ADC_Cmd  0x0000000008007924       0x12 build_ak-base-kit-stm32l151-application/stm32l1xx_adc.o
                0x0000000008007924                ADC_Cmd
 *fill*         0x0000000008007936        0x2 
 .text.ADC_TempSensorVrefintCmd
                0x0000000008007938       0x18 build_ak-base-kit-stm32l151-application/stm32l1xx_adc.o
                0x0000000008007938                ADC_TempSensorVrefintCmd
 .text.ADC_RegularChannelConfig
                0x0000000008007950      0x104 build_ak-base-kit-stm32l151-application/stm32l1xx_adc.o
                0x0000000008007950                ADC_RegularChannelConfig
 .text.ADC_SoftwareStartConv
                0x0000000008007a54        0xa build_ak-base-kit-stm32l151-application/stm32l1xx_adc.o
                0x0000000008007a54                ADC_SoftwareStartConv
 .text.ADC_GetConversionValue
                0x0000000008007a5e        0x6 build_ak-base-kit-stm32l151-application/stm32l1xx_adc.o
                0x0000000008007a5e                ADC_GetConversionValue
 .text.ADC_GetFlagStatus
                0x0000000008007a64        0xc build_ak-base-kit-stm32l151-application/stm32l1xx_adc.o
                0x0000000008007a64                ADC_GetFlagStatus
 .text.RTC_ByteToBcd2
                0x0000000008007a70       0x1a build_ak-base-kit-stm32l151-application/stm32l1xx_rtc.o
 .text.RTC_Bcd2ToByte
                0x0000000008007a8a       0x12 build_ak-base-kit-stm32l151-application/stm32l1xx_rtc.o
 .text.RTC_WriteProtectionCmd
                0x0000000008007a9c       0x18 build_ak-base-kit-stm32l151-application/stm32l1xx_rtc.o
                0x0000000008007a9c                RTC_WriteProtectionCmd
 .text.RTC_EnterInitMode
                0x0000000008007ab4       0x40 build_ak-base-kit-stm32l151-application/stm32l1xx_rtc.o
                0x0000000008007ab4                RTC_EnterInitMode
 .text.RTC_ExitInitMode
                0x0000000008007af4       0x10 build_ak-base-kit-stm32l151-application/stm32l1xx_rtc.o
                0x0000000008007af4                RTC_ExitInitMode
 .text.RTC_Init
                0x0000000008007b04       0x44 build_ak-base-kit-stm32l151-application/stm32l1xx_rtc.o
                0x0000000008007b04                RTC_Init
 .text.RTC_WaitForSynchro
                0x0000000008007b48       0x44 build_ak-base-kit-stm32l151-application/stm32l1xx_rtc.o
                0x0000000008007b48                RTC_WaitForSynchro
 .text.RTC_SetTime
                0x0000000008007b8c       0x98 build_ak-base-kit-stm32l151-application/stm32l1xx_rtc.o
                0x0000000008007b8c                RTC_SetTime
 .text.RTC_GetTime
                0x0000000008007c24       0x44 build_ak-base-kit-stm32l151-application/stm32l1xx_rtc.o
                0x0000000008007c24                RTC_GetTime
 .text.RTC_SetDate
                0x0000000008007c68       0x88 build_ak-base-kit-stm32l151-application/stm32l1xx_rtc.o
                0x0000000008007c68                RTC_SetDate
 .text.RTC_WriteBackupRegister
                0x0000000008007cf0       0x20 build_ak-base-kit-stm32l151-application/stm32l1xx_rtc.o
                0x0000000008007cf0                RTC_WriteBackupRegister
 .text.RTC_ReadBackupRegister
                0x0000000008007d10       0x20 build_ak-base-kit-stm32l151-application/stm32l1xx_rtc.o
                0x0000000008007d10                RTC_ReadBackupRegister
 .text.PWR_RTCAccessCmd
                0x0000000008007d30        0xc build_ak-base-kit-stm32l151-application/stm32l1xx_pwr.o
                0x0000000008007d30                PWR_RTCAccessCmd
 .text.PWR_UltraLowPowerCmd
                0x0000000008007d3c        0xc build_ak-base-kit-stm32l151-application/stm32l1xx_pwr.o
                0x0000000008007d3c                PWR_UltraLowPowerCmd
 .text.PWR_EnterSTOPMode
                0x0000000008007d48       0x34 build_ak-base-kit-stm32l151-application/stm32l1xx_pwr.o
                0x0000000008007d48                PWR_EnterSTOPMode
 .text.FLASH_Lock
                0x0000000008007d7c       0x10 build_ak-base-kit-stm32l151-application/stm32l1xx_flash.o
                0x0000000008007d7c                FLASH_Lock
 .text.DATA_EEPROM_Unlock
                0x0000000008007d8c       0x20 build_ak-base-kit-stm32l151-application/stm32l1xx_flash.o
                0x0000000008007d8c                DATA_EEPROM_Unlock
 .text.FLASH_Unlock
                0x0000000008007dac       0x2c build_ak-base-kit-stm32l151-application/stm32l1xx_flash.o
                0x0000000008007dac                FLASH_Unlock
 .text.DATA_EEPROM_Lock
                0x0000000008007dd8       0x10 build_ak-base-kit-stm32l151-application/stm32l1xx_flash.o
                0x0000000008007dd8                DATA_EEPROM_Lock
 .text.FLASH_OB_Unlock
                0x0000000008007de8       0x2c build_ak-base-kit-stm32l151-application/stm32l1xx_flash.o
                0x0000000008007de8                FLASH_OB_Unlock
 .text.FLASH_OB_Launch
                0x0000000008007e14       0x10 build_ak-base-kit-stm32l151-application/stm32l1xx_flash.o
                0x0000000008007e14                FLASH_OB_Launch
 .text.FLASH_OB_GetBOR
                0x0000000008007e24       0x10 build_ak-base-kit-stm32l151-application/stm32l1xx_flash.o
                0x0000000008007e24                FLASH_OB_GetBOR
 .text.FLASH_ClearFlag
                0x0000000008007e34        0xc build_ak-base-kit-stm32l151-application/stm32l1xx_flash.o
                0x0000000008007e34                FLASH_ClearFlag
 .text.FLASH_GetStatus
                0x0000000008007e40       0x28 build_ak-base-kit-stm32l151-application/stm32l1xx_flash.o
                0x0000000008007e40                FLASH_GetStatus
 .text.FLASH_WaitForLastOperation
                0x0000000008007e68       0x3c build_ak-base-kit-stm32l151-application/stm32l1xx_flash.o
                0x0000000008007e68                FLASH_WaitForLastOperation
 .text.FLASH_ErasePage
                0x0000000008007ea4       0x44 build_ak-base-kit-stm32l151-application/stm32l1xx_flash.o
                0x0000000008007ea4                FLASH_ErasePage
 .text.FLASH_FastProgramWord
                0x0000000008007ee8       0x22 build_ak-base-kit-stm32l151-application/stm32l1xx_flash.o
                0x0000000008007ee8                FLASH_FastProgramWord
 .text.DATA_EEPROM_EraseWord
                0x0000000008007f0a       0x16 build_ak-base-kit-stm32l151-application/stm32l1xx_flash.o
                0x0000000008007f0a                DATA_EEPROM_EraseWord
 .text.DATA_EEPROM_FastProgramWord
                0x0000000008007f20       0x30 build_ak-base-kit-stm32l151-application/stm32l1xx_flash.o
                0x0000000008007f20                DATA_EEPROM_FastProgramWord
 .text.DATA_EEPROM_ProgramByte
                0x0000000008007f50       0x4c build_ak-base-kit-stm32l151-application/stm32l1xx_flash.o
                0x0000000008007f50                DATA_EEPROM_ProgramByte
 .text.FLASH_OB_BORConfig
                0x0000000008007f9c       0x3c build_ak-base-kit-stm32l151-application/stm32l1xx_flash.o
                0x0000000008007f9c                FLASH_OB_BORConfig
 .text.IWDG_WriteAccessCmd
                0x0000000008007fd8        0xc build_ak-base-kit-stm32l151-application/stm32l1xx_iwdg.o
                0x0000000008007fd8                IWDG_WriteAccessCmd
 .text.IWDG_SetPrescaler
                0x0000000008007fe4        0xc build_ak-base-kit-stm32l151-application/stm32l1xx_iwdg.o
                0x0000000008007fe4                IWDG_SetPrescaler
 .text.IWDG_SetReload
                0x0000000008007ff0        0xc build_ak-base-kit-stm32l151-application/stm32l1xx_iwdg.o
                0x0000000008007ff0                IWDG_SetReload
 .text.IWDG_ReloadCounter
                0x0000000008007ffc       0x10 build_ak-base-kit-stm32l151-application/stm32l1xx_iwdg.o
                0x0000000008007ffc                IWDG_ReloadCounter
 .text.IWDG_Enable
                0x000000000800800c       0x10 build_ak-base-kit-stm32l151-application/stm32l1xx_iwdg.o
                0x000000000800800c                IWDG_Enable
 .text.I2C_SendData
                0x000000000800801c        0x4 build_ak-base-kit-stm32l151-application/stm32l1xx_i2c.o
                0x000000000800801c                I2C_SendData
 .text.I2C_CheckEvent
                0x0000000008008020       0x18 build_ak-base-kit-stm32l151-application/stm32l1xx_i2c.o
                0x0000000008008020                I2C_CheckEvent
 .text.disable_interrupts
                0x0000000008008038       0x10 build_ak-base-kit-stm32l151-application/platform.o
                0x0000000008008038                disable_interrupts
 .text.entry_critical
                0x0000000008008048       0x14 build_ak-base-kit-stm32l151-application/platform.o
                0x0000000008008048                entry_critical
 .text.exit_critical
                0x000000000800805c       0x30 build_ak-base-kit-stm32l151-application/platform.o
                0x000000000800805c                exit_critical
 .text.default_handler
                0x000000000800808c       0x1c build_ak-base-kit-stm32l151-application/system.o
                0x000000000800808c                svc_handler
                0x000000000800808c                default_handler
                0x000000000800808c                dg_monitor_handler
                0x000000000800808c                pendsv_handler
 .text.nmi_handler
                0x00000000080080a8       0x1c build_ak-base-kit-stm32l151-application/system.o
                0x00000000080080a8                nmi_handler
 .text.hard_fault_handler
                0x00000000080080c4       0x1c build_ak-base-kit-stm32l151-application/system.o
                0x00000000080080c4                hard_fault_handler
 .text.mem_manage_handler
                0x00000000080080e0       0x1c build_ak-base-kit-stm32l151-application/system.o
                0x00000000080080e0                mem_manage_handler
 .text.bus_fault_handler
                0x00000000080080fc       0x1c build_ak-base-kit-stm32l151-application/system.o
                0x00000000080080fc                bus_fault_handler
 .text.usage_fault_handler
                0x0000000008008118       0x1c build_ak-base-kit-stm32l151-application/system.o
                0x0000000008008118                usage_fault_handler
 .text.systick_handler
                0x0000000008008134       0x40 build_ak-base-kit-stm32l151-application/system.o
                0x0000000008008134                systick_handler
 .text.uart1_irq
                0x0000000008008174       0x64 build_ak-base-kit-stm32l151-application/system.o
                0x0000000008008174                uart1_irq
 .text.exti_line1_irq
                0x00000000080081d8       0x20 build_ak-base-kit-stm32l151-application/system.o
                0x00000000080081d8                exti_line1_irq
 .text.timer7_irq
                0x00000000080081f8       0x24 build_ak-base-kit-stm32l151-application/system.o
                0x00000000080081f8                timer7_irq
 .text.sys_ctrl_delay
                0x000000000800821c        0xc build_ak-base-kit-stm32l151-application/system.o
                0x000000000800821c                sys_ctrl_delay
 .text.sys_ctrl_millis
                0x0000000008008228       0x1c build_ak-base-kit-stm32l151-application/system.o
                0x0000000008008228                sys_ctrl_millis
 .text._init    0x0000000008008244        0x2 build_ak-base-kit-stm32l151-application/system.o
                0x0000000008008244                _init
 .text._fini    0x0000000008008246        0x2 build_ak-base-kit-stm32l151-application/system.o
                0x0000000008008246                _fini
 .text.sys_stack_count_init
                0x0000000008008248       0x3c build_ak-base-kit-stm32l151-application/system.o
                0x0000000008008248                sys_stack_count_init
 .text.reset_handler
                0x0000000008008284       0xc8 build_ak-base-kit-stm32l151-application/system.o
                0x0000000008008284                reset_handler
 .text.sys_stack_usage
                0x000000000800834c       0x20 build_ak-base-kit-stm32l151-application/system.o
                0x000000000800834c                sys_stack_usage
 .text.sys_stack_get_size
                0x000000000800836c        0xc build_ak-base-kit-stm32l151-application/system.o
                0x000000000800836c                sys_stack_get_size
 .text.sys_ctrl_shell_put_char_block
                0x0000000008008378       0x2c build_ak-base-kit-stm32l151-application/sys_cfg.o
                0x0000000008008378                sys_ctrl_shell_put_char_block
 .text.sys_cfg_clock
                0x00000000080083a4       0x22 build_ak-base-kit-stm32l151-application/sys_cfg.o
                0x00000000080083a4                sys_cfg_clock
 *fill*         0x00000000080083c6        0x2 
 .text.sys_cfg_tick
                0x00000000080083c8       0x50 build_ak-base-kit-stm32l151-application/sys_cfg.o
                0x00000000080083c8                sys_cfg_tick
 .text.sys_cfg_svc
                0x0000000008008418       0x30 build_ak-base-kit-stm32l151-application/sys_cfg.o
                0x0000000008008418                sys_cfg_svc
 .text.sys_cfg_pendsv
                0x0000000008008448       0x34 build_ak-base-kit-stm32l151-application/sys_cfg.o
                0x0000000008008448                sys_cfg_pendsv
 .text.sys_cfg_update_info
                0x000000000800847c      0x108 build_ak-base-kit-stm32l151-application/sys_cfg.o
                0x000000000800847c                sys_cfg_update_info
 .text.sys_ctrl_shell_sw_to_block
                0x0000000008008584       0x38 build_ak-base-kit-stm32l151-application/sys_cfg.o
                0x0000000008008584                sys_ctrl_shell_sw_to_block
 .text.sys_cfg_console
                0x00000000080085bc       0xd8 build_ak-base-kit-stm32l151-application/sys_cfg.o
                0x00000000080085bc                sys_cfg_console
 .text.sys_ctrl_shell_get_char
                0x0000000008008694       0x34 build_ak-base-kit-stm32l151-application/sys_cfg.o
                0x0000000008008694                sys_ctrl_shell_get_char
 .text.sys_ctrl_reset
                0x00000000080086c8       0x20 build_ak-base-kit-stm32l151-application/sys_cfg.o
                0x00000000080086c8                sys_ctrl_reset
 .text.sys_ctrl_delay_us
                0x00000000080086e8       0x58 build_ak-base-kit-stm32l151-application/sys_cfg.o
                0x00000000080086e8                sys_ctrl_delay_us
 .text.sys_ctrl_delay_ms
                0x0000000008008740       0x1e build_ak-base-kit-stm32l151-application/sys_cfg.o
                0x0000000008008740                sys_ctrl_delay_ms
 *fill*         0x000000000800875e        0x2 
 .text.sys_ctr_stop_mcu
                0x0000000008008760       0xa8 build_ak-base-kit-stm32l151-application/sys_cfg.o
                0x0000000008008760                sys_ctr_stop_mcu
 .text.sys_ctrl_independent_watchdog_init
                0x0000000008008808       0x24 build_ak-base-kit-stm32l151-application/sys_cfg.o
                0x0000000008008808                sys_ctrl_independent_watchdog_init
 .text.sys_ctrl_independent_watchdog_reset
                0x000000000800882c       0x12 build_ak-base-kit-stm32l151-application/sys_cfg.o
                0x000000000800882c                sys_ctrl_independent_watchdog_reset
 *fill*         0x000000000800883e        0x2 
 .text.sys_ctrl_soft_watchdog_init
                0x0000000008008840       0x68 build_ak-base-kit-stm32l151-application/sys_cfg.o
                0x0000000008008840                sys_ctrl_soft_watchdog_init
 .text.sys_ctrl_soft_watchdog_reset
                0x00000000080088a8       0x18 build_ak-base-kit-stm32l151-application/sys_cfg.o
                0x00000000080088a8                sys_ctrl_soft_watchdog_reset
 .text.sys_ctrl_soft_watchdog_increase_counter
                0x00000000080088c0       0x40 build_ak-base-kit-stm32l151-application/sys_cfg.o
                0x00000000080088c0                sys_ctrl_soft_watchdog_increase_counter
 .text.sys_ctrl_get_firmware_info
                0x0000000008008900       0x40 build_ak-base-kit-stm32l151-application/sys_cfg.o
                0x0000000008008900                sys_ctrl_get_firmware_info
 .text.task_irq_io_entry_trigger
                0x0000000008008940        0x2 build_ak-base-kit-stm32l151-application/sys_cfg.o
                0x0000000008008940                task_irq_io_entry_trigger
 .text.task_irq_io_exit_trigger
                0x0000000008008942        0x2 build_ak-base-kit-stm32l151-application/sys_cfg.o
                0x0000000008008942                task_irq_io_exit_trigger
 .text.io_button_mode_init
                0x0000000008008944       0x28 build_ak-base-kit-stm32l151-application/io_cfg.o
                0x0000000008008944                io_button_mode_init
 .text.io_button_up_init
                0x000000000800896c       0x28 build_ak-base-kit-stm32l151-application/io_cfg.o
                0x000000000800896c                io_button_up_init
 .text.io_button_down_init
                0x0000000008008994       0x28 build_ak-base-kit-stm32l151-application/io_cfg.o
                0x0000000008008994                io_button_down_init
 .text.io_button_mode_read
                0x00000000080089bc        0xc build_ak-base-kit-stm32l151-application/io_cfg.o
                0x00000000080089bc                io_button_mode_read
 .text.io_button_up_read
                0x00000000080089c8       0x10 build_ak-base-kit-stm32l151-application/io_cfg.o
                0x00000000080089c8                io_button_up_read
 .text.io_button_down_read
                0x00000000080089d8        0xc build_ak-base-kit-stm32l151-application/io_cfg.o
                0x00000000080089d8                io_button_down_read
 .text.led_life_init
                0x00000000080089e4       0x28 build_ak-base-kit-stm32l151-application/io_cfg.o
                0x00000000080089e4                led_life_init
 .text.led_life_on
                0x0000000008008a0c       0x10 build_ak-base-kit-stm32l151-application/io_cfg.o
                0x0000000008008a0c                led_life_on
 .text.led_life_off
                0x0000000008008a1c       0x10 build_ak-base-kit-stm32l151-application/io_cfg.o
                0x0000000008008a1c                led_life_off
 .text.nrf24l01_io_ctrl_init
                0x0000000008008a2c       0x9c build_ak-base-kit-stm32l151-application/io_cfg.o
                0x0000000008008a2c                nrf24l01_io_ctrl_init
 .text.nrf24l01_spi_ctrl_init
                0x0000000008008ac8       0xb8 build_ak-base-kit-stm32l151-application/io_cfg.o
                0x0000000008008ac8                nrf24l01_spi_ctrl_init
 .text.nrf24l01_ce_low
                0x0000000008008b80       0x10 build_ak-base-kit-stm32l151-application/io_cfg.o
                0x0000000008008b80                nrf24l01_ce_low
 .text.nrf24l01_ce_high
                0x0000000008008b90       0x10 build_ak-base-kit-stm32l151-application/io_cfg.o
                0x0000000008008b90                nrf24l01_ce_high
 .text.nrf24l01_csn_low
                0x0000000008008ba0       0x10 build_ak-base-kit-stm32l151-application/io_cfg.o
                0x0000000008008ba0                nrf24l01_csn_low
 .text.nrf24l01_csn_high
                0x0000000008008bb0       0x10 build_ak-base-kit-stm32l151-application/io_cfg.o
                0x0000000008008bb0                nrf24l01_csn_high
 .text.flash_io_ctrl_init
                0x0000000008008bc0       0x28 build_ak-base-kit-stm32l151-application/io_cfg.o
                0x0000000008008bc0                flash_io_ctrl_init
 .text.flash_cs_low
                0x0000000008008be8       0x10 build_ak-base-kit-stm32l151-application/io_cfg.o
                0x0000000008008be8                flash_cs_low
 .text.flash_cs_high
                0x0000000008008bf8       0x10 build_ak-base-kit-stm32l151-application/io_cfg.o
                0x0000000008008bf8                flash_cs_high
 .text.flash_transfer
                0x0000000008008c08       0x98 build_ak-base-kit-stm32l151-application/io_cfg.o
                0x0000000008008c08                flash_transfer
 .text.nrf24l01_spi_rw
                0x0000000008008ca0        0x4 build_ak-base-kit-stm32l151-application/io_cfg.o
                0x0000000008008ca0                nrf24l01_spi_rw
 .text.io_cfg_adc1
                0x0000000008008ca4       0x48 build_ak-base-kit-stm32l151-application/io_cfg.o
                0x0000000008008ca4                io_cfg_adc1
 .text.adc_bat_io_cfg
                0x0000000008008cec       0x2c build_ak-base-kit-stm32l151-application/io_cfg.o
                0x0000000008008cec                adc_bat_io_cfg
 .text.sys_ctr_get_vbat_voltage
                0x0000000008008d18       0x90 build_ak-base-kit-stm32l151-application/io_cfg.o
                0x0000000008008d18                sys_ctr_get_vbat_voltage
 .text.sys_ctr_get_mcu_temperature
                0x0000000008008da8       0x6c build_ak-base-kit-stm32l151-application/io_cfg.o
                0x0000000008008da8                sys_ctr_get_mcu_temperature
 .text.ssd1306_clk_input_mode
                0x0000000008008e14       0x28 build_ak-base-kit-stm32l151-application/io_cfg.o
                0x0000000008008e14                ssd1306_clk_input_mode
 .text.ssd1306_clk_output_mode
                0x0000000008008e3c       0x28 build_ak-base-kit-stm32l151-application/io_cfg.o
                0x0000000008008e3c                ssd1306_clk_output_mode
 .text.ssd1306_clk_digital_write_low
                0x0000000008008e64       0x10 build_ak-base-kit-stm32l151-application/io_cfg.o
                0x0000000008008e64                ssd1306_clk_digital_write_low
 .text.ssd1306_clk_digital_write_high
                0x0000000008008e74       0x10 build_ak-base-kit-stm32l151-application/io_cfg.o
                0x0000000008008e74                ssd1306_clk_digital_write_high
 .text.ssd1306_data_input_mode
                0x0000000008008e84       0x28 build_ak-base-kit-stm32l151-application/io_cfg.o
                0x0000000008008e84                ssd1306_data_input_mode
 .text.ssd1306_data_output_mode
                0x0000000008008eac       0x28 build_ak-base-kit-stm32l151-application/io_cfg.o
                0x0000000008008eac                ssd1306_data_output_mode
 .text.ssd1306_data_digital_write_low
                0x0000000008008ed4       0x10 build_ak-base-kit-stm32l151-application/io_cfg.o
                0x0000000008008ed4                ssd1306_data_digital_write_low
 .text.ssd1306_data_digital_write_high
                0x0000000008008ee4       0x10 build_ak-base-kit-stm32l151-application/io_cfg.o
                0x0000000008008ee4                ssd1306_data_digital_write_high
 .text.ssd1306_res_input_mode
                0x0000000008008ef4       0x28 build_ak-base-kit-stm32l151-application/io_cfg.o
                0x0000000008008ef4                ssd1306_res_input_mode
 .text.ssd1306_res_output_mode
                0x0000000008008f1c       0x28 build_ak-base-kit-stm32l151-application/io_cfg.o
                0x0000000008008f1c                ssd1306_res_output_mode
 .text.ssd1306_res_digital_write_low
                0x0000000008008f44       0x10 build_ak-base-kit-stm32l151-application/io_cfg.o
                0x0000000008008f44                ssd1306_res_digital_write_low
 .text.ssd1306_res_digital_write_high
                0x0000000008008f54       0x10 build_ak-base-kit-stm32l151-application/io_cfg.o
                0x0000000008008f54                ssd1306_res_digital_write_high
 .text.io_eeprom_read
                0x0000000008008f64       0x34 build_ak-base-kit-stm32l151-application/io_cfg.o
                0x0000000008008f64                io_eeprom_read
 .text.io_eeprom_write
                0x0000000008008f98       0x48 build_ak-base-kit-stm32l151-application/io_cfg.o
                0x0000000008008f98                io_eeprom_write
 .text.io_eeprom_erase
                0x0000000008008fe0       0x4c build_ak-base-kit-stm32l151-application/io_cfg.o
                0x0000000008008fe0                io_eeprom_erase
 .text.internal_flash_unlock
                0x000000000800902c       0x12 build_ak-base-kit-stm32l151-application/io_cfg.o
                0x000000000800902c                internal_flash_unlock
 .text.internal_flash_lock
                0x000000000800903e        0x4 build_ak-base-kit-stm32l151-application/io_cfg.o
                0x000000000800903e                internal_flash_lock
 .text.internal_flash_erase_pages_cal
                0x0000000008009042       0x24 build_ak-base-kit-stm32l151-application/io_cfg.o
                0x0000000008009042                internal_flash_erase_pages_cal
 .text.internal_flash_write_cal
                0x0000000008009066       0x48 build_ak-base-kit-stm32l151-application/io_cfg.o
                0x0000000008009066                internal_flash_write_cal
 *fill*         0x00000000080090ae        0x2 
 .text.io_uart2_cfg
                0x00000000080090b0       0xbc build_ak-base-kit-stm32l151-application/io_cfg.o
                0x00000000080090b0                io_uart2_cfg
 .text.io_rs485_dir_low
                0x000000000800916c        0xc build_ak-base-kit-stm32l151-application/io_cfg.o
                0x000000000800916c                io_rs485_dir_low
 .text.SystemInit
                0x0000000008009178      0x114 build_ak-base-kit-stm32l151-application/system_stm32l1xx.o
                0x0000000008009178                SystemInit
 .text.SystemCoreClockUpdate
                0x000000000800928c       0x88 build_ak-base-kit-stm32l151-application/system_stm32l1xx.o
                0x000000000800928c                SystemCoreClockUpdate
 .text._ZL16view_scr_startupv
                0x0000000008009314       0x94 build_ak-base-kit-stm32l151-application/scr_startup.o
 .text._Z18scr_startup_handleP8ak_msg_t
                0x00000000080093a8       0x50 build_ak-base-kit-stm32l151-application/scr_startup.o
                0x00000000080093a8                scr_startup_handle(ak_msg_t*)
 .text._Z10nextStatusv
                0x00000000080093f8       0x80 build_ak-base-kit-stm32l151-application/scr_timer.o
                0x00000000080093f8                nextStatus()
 .text._Z9incrementv
                0x0000000008009478       0x90 build_ak-base-kit-stm32l151-application/scr_timer.o
                0x0000000008009478                increment()
 .text._Z9decrementv
                0x0000000008009508       0x90 build_ak-base-kit-stm32l151-application/scr_timer.o
                0x0000000008009508                decrement()
 .text._Z9rt_to_digP4Time
                0x0000000008009598       0x38 build_ak-base-kit-stm32l151-application/scr_timer.o
                0x0000000008009598                rt_to_dig(Time*)
 .text._Z26check_and_update_animationv
                0x00000000080095d0       0x34 build_ak-base-kit-stm32l151-application/scr_timer.o
                0x00000000080095d0                check_and_update_animation()
 .text._Z7init_dwv
                0x0000000008009604       0x1c build_ak-base-kit-stm32l151-application/scr_timer.o
                0x0000000008009604                init_dw()
 .text._Z16scr_timer_handleP8ak_msg_t
                0x0000000008009620      0x11c build_ak-base-kit-stm32l151-application/scr_timer.o
                0x0000000008009620                scr_timer_handle(ak_msg_t*)
 .text._Z20render_anim_digit_exP12digit_anim_tiiii
                0x000000000800973c       0xc8 build_ak-base-kit-stm32l151-application/scr_timer.o
                0x000000000800973c                render_anim_digit_ex(digit_anim_t*, int, int, int, int)
 .text._Z28render_anim_number2digits_exP12digit_anim_tS0_iiiib
                0x0000000008009804       0x70 build_ak-base-kit-stm32l151-application/scr_timer.o
                0x0000000008009804                render_anim_number2digits_ex(digit_anim_t*, digit_anim_t*, int, int, int, int, bool)
 .text._ZL14view_scr_timerv
                0x0000000008009874       0xf8 build_ak-base-kit-stm32l151-application/scr_timer.o
 .text._Z24scr_timer_setting_handleP8ak_msg_t
                0x000000000800996c       0xf8 build_ak-base-kit-stm32l151-application/scr_timer_setting.o
                0x000000000800996c                scr_timer_setting_handle(ak_msg_t*)
 .text._ZL22view_scr_timer_settingv
                0x0000000008009a64       0x7c build_ak-base-kit-stm32l151-application/scr_timer_setting.o
 .text._Z11task_systemP8ak_msg_t
                0x0000000008009ae0       0x44 build_ak-base-kit-stm32l151-application/task_system.o
                0x0000000008009ae0                task_system(ak_msg_t*)
 .text.main_app
                0x0000000008009b24      0x1d0 build_ak-base-kit-stm32l151-application/app.o
                0x0000000008009b24                main_app
 .text.sys_irq_timer_10ms
                0x0000000008009cf4       0x24 build_ak-base-kit-stm32l151-application/app.o
                0x0000000008009cf4                sys_irq_timer_10ms
 .text._Z17btn_mode_callbackPv
                0x0000000008009d18       0x44 build_ak-base-kit-stm32l151-application/app_bsp.o
                0x0000000008009d18                btn_mode_callback(void*)
 .text._Z15btn_up_callbackPv
                0x0000000008009d5c       0x44 build_ak-base-kit-stm32l151-application/app_bsp.o
                0x0000000008009d5c                btn_up_callback(void*)
 .text._Z17btn_down_callbackPv
                0x0000000008009da0       0x44 build_ak-base-kit-stm32l151-application/app_bsp.o
                0x0000000008009da0                btn_down_callback(void*)
 .text._Z22updateDataModbusDeviceP21ModbusDeviceStructure
                0x0000000008009de4       0xc4 build_ak-base-kit-stm32l151-application/app_modbus_pull.o
                0x0000000008009de4                updateDataModbusDevice(ModbusDeviceStructure*)
 .text._ZL19str_parser_get_attrh
                0x0000000008009ea8       0x1c build_ak-base-kit-stm32l151-application/shell.o
 .text._Z9shell_sttPh
                0x0000000008009ec4        0x4 build_ak-base-kit-stm32l151-application/shell.o
                0x0000000008009ec4                shell_stt(unsigned char*)
 .text._Z9shell_psvPh
                0x0000000008009ec8       0x14 build_ak-base-kit-stm32l151-application/shell.o
                0x0000000008009ec8                shell_psv(unsigned char*)
 .text._Z11shell_resetPh
                0x0000000008009edc       0x10 build_ak-base-kit-stm32l151-application/shell.o
                0x0000000008009edc                shell_reset(unsigned char*)
 .text._Z10shell_helpPh
                0x0000000008009eec       0x30 build_ak-base-kit-stm32l151-application/shell.o
                0x0000000008009eec                shell_help(unsigned char*)
 .text._Z9shell_verPh
                0x0000000008009f1c      0x118 build_ak-base-kit-stm32l151-application/shell.o
                0x0000000008009f1c                shell_ver(unsigned char*)
 .text._Z12shell_rebootPh
                0x000000000800a034       0x10 build_ak-base-kit-stm32l151-application/shell.o
                0x000000000800a034                shell_reboot(unsigned char*)
 .text._ZL10str_parserPc
                0x000000000800a044       0x60 build_ak-base-kit-stm32l151-application/shell.o
 .text._Z11shell_fatalPh
                0x000000000800a0a4      0x2f4 build_ak-base-kit-stm32l151-application/shell.o
                0x000000000800a0a4                shell_fatal(unsigned char*)
 .text._Z11shell_flashPh
                0x000000000800a398      0x150 build_ak-base-kit-stm32l151-application/shell.o
                0x000000000800a398                shell_flash(unsigned char*)
 .text._Z9shell_epsPh
                0x000000000800a4e8       0xcc build_ak-base-kit-stm32l151-application/shell.o
                0x000000000800a4e8                shell_eps(unsigned char*)
 .text._Z9shell_ramPh
                0x000000000800a5b4      0x20c build_ak-base-kit-stm32l151-application/shell.o
                0x000000000800a5b4                shell_ram(unsigned char*)
 .text._Z10shell_bootPh
                0x000000000800a7c0       0xdc build_ak-base-kit-stm32l151-application/shell.o
                0x000000000800a7c0                shell_boot(unsigned char*)
 .text._Z9shell_fwuPh
                0x000000000800a89c       0x34 build_ak-base-kit-stm32l151-application/shell.o
                0x000000000800a89c                shell_fwu(unsigned char*)
 .text._Z12shell_buzzerPh
                0x000000000800a8d0       0x88 build_ak-base-kit-stm32l151-application/shell.o
                0x000000000800a8d0                shell_buzzer(unsigned char*)
 .text._Z9shell_dbgPh
                0x000000000800a958       0x38 build_ak-base-kit-stm32l151-application/shell.o
                0x000000000800a958                shell_dbg(unsigned char*)
 .text._Z12shell_modbusPh
                0x000000000800a990       0xe0 build_ak-base-kit-stm32l151-application/shell.o
                0x000000000800a990                shell_modbus(unsigned char*)
 .text._Z9shell_epiPh
                0x000000000800aa70        0x4 build_ak-base-kit-stm32l151-application/shell.o
                0x000000000800aa70                shell_epi(unsigned char*)
 .text._Z9shell_lcdPh
                0x000000000800aa74      0x15c build_ak-base-kit-stm32l151-application/shell.o
                0x000000000800aa74                shell_lcd(unsigned char*)
 .text.sys_irq_shell
                0x000000000800abd0       0x2c build_ak-base-kit-stm32l151-application/task_shell.o
                0x000000000800abd0                sys_irq_shell
 .text._Z10task_shellP8ak_msg_t
                0x000000000800abfc       0x7c build_ak-base-kit-stm32l151-application/task_shell.o
                0x000000000800abfc                task_shell(ak_msg_t*)
 .text._Z9task_lifeP8ak_msg_t
                0x000000000800ac78       0x20 build_ak-base-kit-stm32l151-application/task_life.o
                0x000000000800ac78                task_life(ak_msg_t*)
 .text._Z7task_fwP8ak_msg_t
                0x000000000800ac98      0x490 build_ak-base-kit-stm32l151-application/task_fw.o
                0x000000000800ac98                task_fw(ak_msg_t*)
 .text._Z12task_displayP8ak_msg_t
                0x000000000800b128        0x4 build_ak-base-kit-stm32l151-application/task_display.o
                0x000000000800b128                task_display(ak_msg_t*)
 .text._Z7task_ifP8ak_msg_t
                0x000000000800b12c       0xe4 build_ak-base-kit-stm32l151-application/task_if.o
                0x000000000800b12c                task_if(ak_msg_t*)
 .text._Z12task_rf24_ifP8ak_msg_t
                0x000000000800b210       0xb4 build_ak-base-kit-stm32l151-application/task_rf24_if.o
                0x000000000800b210                task_rf24_if(ak_msg_t*)
 .text._Z12task_uart_ifP8ak_msg_t
                0x000000000800b2c4       0xc0 build_ak-base-kit-stm32l151-application/task_uart_if.o
                0x000000000800b2c4                task_uart_if(ak_msg_t*)
 .text._Z8task_dbgP8ak_msg_t
                0x000000000800b384        0x2 build_ak-base-kit-stm32l151-application/task_dbg.o
                0x000000000800b384                task_dbg(ak_msg_t*)
 *fill*         0x000000000800b386        0x2 
 .text._Z8task_logP8ak_msg_t
                0x000000000800b388       0xa4 build_ak-base-kit-stm32l151-application/task_log.o
                0x000000000800b388                task_log(ak_msg_t*)
 .text._ZL19view_render_dynamicPv
                0x000000000800b42c        0xa build_ak-base-kit-stm32l151-application/view_render.o
 *fill*         0x000000000800b436        0x2 
 .text._Z22view_render_display_onv
                0x000000000800b438        0xc build_ak-base-kit-stm32l151-application/view_render.o
                0x000000000800b438                view_render_display_on()
 .text.startup._GLOBAL__sub_I_view_render
                0x000000000800b444        0xc build_ak-base-kit-stm32l151-application/view_render.o
 .text.exit._GLOBAL__sub_D_view_render
                0x000000000800b450        0xc build_ak-base-kit-stm32l151-application/view_render.o
 .text._Z18view_render_screenP13view_screen_t
                0x000000000800b45c       0x68 build_ak-base-kit-stm32l151-application/view_render.o
                0x000000000800b45c                view_render_screen(view_screen_t*)
 .text._ZL21view_render_rectanglePv
                0x000000000800b4c4       0xe8 build_ak-base-kit-stm32l151-application/view_render.o
 .text._Z12scr_mng_ctorP9scr_mng_tPFvP8ak_msg_tEP13view_screen_t
                0x000000000800b5ac       0x20 build_ak-base-kit-stm32l151-application/screen_manager.o
                0x000000000800b5ac                scr_mng_ctor(scr_mng_t*, void (*)(ak_msg_t*), view_screen_t*)
 .text._Z16scr_mng_dispatchP8ak_msg_t
                0x000000000800b5cc       0x48 build_ak-base-kit-stm32l151-application/screen_manager.o
                0x000000000800b5cc                scr_mng_dispatch(ak_msg_t*)
 .text._Z12scr_mng_tranPFvP8ak_msg_tEP13view_screen_t
                0x000000000800b614       0x44 build_ak-base-kit-stm32l151-application/screen_manager.o
                0x000000000800b614                scr_mng_tran(void (*)(ak_msg_t*), view_screen_t*)
 .text._ZN12Adafruit_GFX8drawLineEsssst
                0x000000000800b658       0xbe build_ak-base-kit-stm32l151-application/Adafruit_GFX.o
                0x000000000800b658                Adafruit_GFX::drawLine(short, short, short, short, unsigned short)
 .text._ZN12Adafruit_GFX8drawRectEsssst
                0x000000000800b716       0x68 build_ak-base-kit-stm32l151-application/Adafruit_GFX.o
                0x000000000800b716                Adafruit_GFX::drawRect(short, short, short, short, unsigned short)
 .text._ZN12Adafruit_GFX13drawFastVLineEssst
                0x000000000800b77e       0x1c build_ak-base-kit-stm32l151-application/Adafruit_GFX.o
                0x000000000800b77e                Adafruit_GFX::drawFastVLine(short, short, short, unsigned short)
 .text._ZN12Adafruit_GFX13drawFastHLineEssst
                0x000000000800b79a       0x1a build_ak-base-kit-stm32l151-application/Adafruit_GFX.o
                0x000000000800b79a                Adafruit_GFX::drawFastHLine(short, short, short, unsigned short)
 .text._ZN12Adafruit_GFX8fillRectEsssst
                0x000000000800b7b4       0x38 build_ak-base-kit-stm32l151-application/Adafruit_GFX.o
                0x000000000800b7b4                Adafruit_GFX::fillRect(short, short, short, short, unsigned short)
 .text._ZN12Adafruit_GFX10fillScreenEt
                0x000000000800b7ec       0x1c build_ak-base-kit-stm32l151-application/Adafruit_GFX.o
                0x000000000800b7ec                Adafruit_GFX::fillScreen(unsigned short)
 .text._ZN12Adafruit_GFXC2Ess
                0x000000000800b808       0x28 build_ak-base-kit-stm32l151-application/Adafruit_GFX.o
                0x000000000800b808                Adafruit_GFX::Adafruit_GFX(short, short)
                0x000000000800b808                Adafruit_GFX::Adafruit_GFX(short, short)
 .text._ZN12Adafruit_GFX8drawCharEsshtth
                0x000000000800b830      0x108 build_ak-base-kit-stm32l151-application/Adafruit_GFX.o
                0x000000000800b830                Adafruit_GFX::drawChar(short, short, unsigned char, unsigned short, unsigned short, unsigned char)
 .text._ZN12Adafruit_GFX5writeEh
                0x000000000800b938       0x64 build_ak-base-kit-stm32l151-application/Adafruit_GFX.o
                0x000000000800b938                Adafruit_GFX::write(unsigned char)
 .text._ZN12Adafruit_GFX9setCursorEss
                0x000000000800b99c        0x6 build_ak-base-kit-stm32l151-application/Adafruit_GFX.o
                0x000000000800b99c                Adafruit_GFX::setCursor(short, short)
 .text._ZN12Adafruit_GFX11setTextSizeEh
                0x000000000800b9a2        0xa build_ak-base-kit-stm32l151-application/Adafruit_GFX.o
                0x000000000800b9a2                Adafruit_GFX::setTextSize(unsigned char)
 .text._ZN12Adafruit_GFX12setTextColorEt
                0x000000000800b9ac        0x6 build_ak-base-kit-stm32l151-application/Adafruit_GFX.o
                0x000000000800b9ac                Adafruit_GFX::setTextColor(unsigned short)
 .text._ZN12Adafruit_GFX5widthEv
                0x000000000800b9b2        0x6 build_ak-base-kit-stm32l151-application/Adafruit_GFX.o
                0x000000000800b9b2                Adafruit_GFX::width()
 .text._ZN12Adafruit_GFX6heightEv
                0x000000000800b9b8        0x6 build_ak-base-kit-stm32l151-application/Adafruit_GFX.o
                0x000000000800b9b8                Adafruit_GFX::height()
 .text._ZN19Adafruit_ssd1306syp9updateRowEii
                0x000000000800b9be       0x1e build_ak-base-kit-stm32l151-application/Adafruit_ssd1306syp.o
                0x000000000800b9be                Adafruit_ssd1306syp::updateRow(int, int)
 .text._ZN19Adafruit_ssd1306syp9drawPixelEsst
                0x000000000800b9dc       0x52 build_ak-base-kit-stm32l151-application/Adafruit_ssd1306syp.o
                0x000000000800b9dc                Adafruit_ssd1306syp::drawPixel(short, short, unsigned short)
 *fill*         0x000000000800ba2e        0x2 
 .text._ZN19Adafruit_ssd1306sypC2Ev
                0x000000000800ba30       0x24 build_ak-base-kit-stm32l151-application/Adafruit_ssd1306syp.o
                0x000000000800ba30                Adafruit_ssd1306syp::Adafruit_ssd1306syp()
                0x000000000800ba30                Adafruit_ssd1306syp::Adafruit_ssd1306syp()
 .text._ZN19Adafruit_ssd1306sypD2Ev
                0x000000000800ba54        0x2 build_ak-base-kit-stm32l151-application/Adafruit_ssd1306syp.o
                0x000000000800ba54                Adafruit_ssd1306syp::~Adafruit_ssd1306syp()
                0x000000000800ba54                Adafruit_ssd1306syp::~Adafruit_ssd1306syp()
 .text._ZN19Adafruit_ssd1306syp5clearEb
                0x000000000800ba56       0x22 build_ak-base-kit-stm32l151-application/Adafruit_ssd1306syp.o
                0x000000000800ba56                Adafruit_ssd1306syp::clear(bool)
 .text._ZN19Adafruit_ssd1306syp9writeByteEh
                0x000000000800ba78       0x54 build_ak-base-kit-stm32l151-application/Adafruit_ssd1306syp.o
                0x000000000800ba78                Adafruit_ssd1306syp::writeByte(unsigned char)
 .text._ZN19Adafruit_ssd1306syp8startIICEv
                0x000000000800bacc       0x2c build_ak-base-kit-stm32l151-application/Adafruit_ssd1306syp.o
                0x000000000800bacc                Adafruit_ssd1306syp::startIIC()
 .text._ZN19Adafruit_ssd1306syp7stopIICEv
                0x000000000800baf8       0x2c build_ak-base-kit-stm32l151-application/Adafruit_ssd1306syp.o
                0x000000000800baf8                Adafruit_ssd1306syp::stopIIC()
 .text._ZN19Adafruit_ssd1306syp12writeCommandEh
                0x000000000800bb24       0x2c build_ak-base-kit-stm32l151-application/Adafruit_ssd1306syp.o
                0x000000000800bb24                Adafruit_ssd1306syp::writeCommand(unsigned char)
 .text._ZN19Adafruit_ssd1306syp10initializeEv
                0x000000000800bb50       0xf4 build_ak-base-kit-stm32l151-application/Adafruit_ssd1306syp.o
                0x000000000800bb50                Adafruit_ssd1306syp::initialize()
 .text._ZN19Adafruit_ssd1306syp10display_onEv
                0x000000000800bc44        0x6 build_ak-base-kit-stm32l151-application/Adafruit_ssd1306syp.o
                0x000000000800bc44                Adafruit_ssd1306syp::display_on()
 .text._ZN19Adafruit_ssd1306syp11display_offEv
                0x000000000800bc4a        0x6 build_ak-base-kit-stm32l151-application/Adafruit_ssd1306syp.o
                0x000000000800bc4a                Adafruit_ssd1306syp::display_off()
 .text._ZN19Adafruit_ssd1306syp17startDataSequenceEv
                0x000000000800bc50       0x1c build_ak-base-kit-stm32l151-application/Adafruit_ssd1306syp.o
                0x000000000800bc50                Adafruit_ssd1306syp::startDataSequence()
 .text._ZN19Adafruit_ssd1306syp6updateEv
                0x000000000800bc6c       0x70 build_ak-base-kit-stm32l151-application/Adafruit_ssd1306syp.o
                0x000000000800bc6c                Adafruit_ssd1306syp::update()
 .text._ZN19Adafruit_ssd1306syp9updateRowEi
                0x000000000800bcdc       0x6c build_ak-base-kit-stm32l151-application/Adafruit_ssd1306syp.o
                0x000000000800bcdc                Adafruit_ssd1306syp::updateRow(int)
 .text.eeprom_read
                0x000000000800bd48        0x4 build_ak-base-kit-stm32l151-application/eeprom.o
                0x000000000800bd48                eeprom_read
 .text.eeprom_write
                0x000000000800bd4c        0x4 build_ak-base-kit-stm32l151-application/eeprom.o
                0x000000000800bd4c                eeprom_write
 .text.eeprom_erase
                0x000000000800bd50        0x4 build_ak-base-kit-stm32l151-application/eeprom.o
                0x000000000800bd50                eeprom_erase
 .text._Z16nrf_nwk_pdu_initv
                0x000000000800bd54       0x3c build_ak-base-kit-stm32l151-application/nrf_data.o
                0x000000000800bd54                nrf_nwk_pdu_init()
 .text._Z18nrf_nwk_pdu_mallocv
                0x000000000800bd90       0x44 build_ak-base-kit-stm32l151-application/nrf_data.o
                0x000000000800bd90                nrf_nwk_pdu_malloc()
 .text._Z16nrf_nwk_pdu_freeP13nrf_nwk_pdu_t
                0x000000000800bdd4       0x2c build_ak-base-kit-stm32l151-application/nrf_data.o
                0x000000000800bdd4                nrf_nwk_pdu_free(nrf_nwk_pdu_t*)
 .text._Z15nrf_nwk_pdu_getm
                0x000000000800be00       0x20 build_ak-base-kit-stm32l151-application/nrf_data.o
                0x000000000800be00                nrf_nwk_pdu_get(unsigned long)
 .text._Z16nrf_nwk_pdu_freem
                0x000000000800be20       0x54 build_ak-base-kit-stm32l151-application/nrf_data.o
                0x000000000800be20                nrf_nwk_pdu_free(unsigned long)
 .text._Z23nrf_set_static_nwk_addrt
                0x000000000800be74       0x2c build_ak-base-kit-stm32l151-application/nrf_data.o
                0x000000000800be74                nrf_set_static_nwk_addr(unsigned short)
 .text._Z23nrf_get_static_nwk_addrv
                0x000000000800bea0       0x34 build_ak-base-kit-stm32l151-application/nrf_data.o
                0x000000000800bea0                nrf_get_static_nwk_addr()
 .text._Z20nrf_set_des_nwk_addrt
                0x000000000800bed4       0x2c build_ak-base-kit-stm32l151-application/nrf_data.o
                0x000000000800bed4                nrf_set_des_nwk_addr(unsigned short)
 .text._Z20nrf_get_des_nwk_addrv
                0x000000000800bf00       0x34 build_ak-base-kit-stm32l151-application/nrf_data.o
                0x000000000800bf00                nrf_get_des_nwk_addr()
 .text._Z20nrf_get_des_phy_addrv
                0x000000000800bf34       0x28 build_ak-base-kit-stm32l151-application/nrf_data.o
                0x000000000800bf34                nrf_get_des_phy_addr()
 .text._Z20nrf_get_src_phy_addrv
                0x000000000800bf5c       0x28 build_ak-base-kit-stm32l151-application/nrf_data.o
                0x000000000800bf5c                nrf_get_src_phy_addr()
 .text._ZL17set_mac_rev_state15mac_rev_state_e
                0x000000000800bf84       0x14 build_ak-base-kit-stm32l151-application/nrf_mac.o
 .text._ZL18set_mac_send_state16mac_send_state_e
                0x000000000800bf98       0x2c build_ak-base-kit-stm32l151-application/nrf_mac.o
 .text._Z13task_rf24_macP8ak_msg_t
                0x000000000800bfc4      0x3a4 build_ak-base-kit-stm32l151-application/nrf_mac.o
                0x000000000800bfc4                task_rf24_mac(ak_msg_t*)
 .text._Z16nrf_nwk_fsm_idleP8ak_msg_t
                0x000000000800c368      0x234 build_ak-base-kit-stm32l151-application/nrf_nwk.o
                0x000000000800c368                nrf_nwk_fsm_idle(ak_msg_t*)
 .text._Z13task_rf24_nwkP8ak_msg_t
                0x000000000800c59c        0xc build_ak-base-kit-stm32l151-application/nrf_nwk.o
                0x000000000800c59c                task_rf24_nwk(ak_msg_t*)
 .text._Z16nrf_nwk_fsm_initP8ak_msg_t
                0x000000000800c5a8       0x38 build_ak-base-kit-stm32l151-application/nrf_nwk.o
                0x000000000800c5a8                nrf_nwk_fsm_init(ak_msg_t*)
 .text.sys_irq_nrf24l01
                0x000000000800c5e0       0x90 build_ak-base-kit-stm32l151-application/nrf_phy.o
                0x000000000800c5e0                sys_irq_nrf24l01
 .text._Z23nrf_phy_switch_ptx_modev
                0x000000000800c670       0x24 build_ak-base-kit-stm32l151-application/nrf_phy.o
                0x000000000800c670                nrf_phy_switch_ptx_mode()
 .text._Z23nrf_phy_switch_prx_modev
                0x000000000800c694       0x30 build_ak-base-kit-stm32l151-application/nrf_phy.o
                0x000000000800c694                nrf_phy_switch_prx_mode()
 .text._Z13task_rf24_phyP8ak_msg_t
                0x000000000800c6c4      0x1ac build_ak-base-kit-stm32l151-application/nrf_phy.o
                0x000000000800c6c4                task_rf24_phy(ak_msg_t*)
 .text._ZL19link_hal_write_byteh
                0x000000000800c870        0x2 build_ak-base-kit-stm32l151-application/link_hal.o
 .text._ZL17link_hal_rev_byteh
                0x000000000800c872        0x4 build_ak-base-kit-stm32l151-application/link_hal.o
 *fill*         0x000000000800c876        0x2 
 .text._Z23link_hal_reg_write_bytePFhhE
                0x000000000800c878       0x28 build_ak-base-kit-stm32l151-application/link_hal.o
                0x000000000800c878                link_hal_reg_write_byte(unsigned char (*)(unsigned char))
 .text._Z21link_hal_reg_rev_bytePFhhE
                0x000000000800c8a0       0x28 build_ak-base-kit-stm32l151-application/link_hal.o
                0x000000000800c8a0                link_hal_reg_rev_byte(unsigned char (*)(unsigned char))
 .text._ZL21fsm_link_state_handleP8ak_msg_t
                0x000000000800c8c8      0x2b0 build_ak-base-kit-stm32l151-application/link.o
 .text._ZL19fsm_link_state_initP8ak_msg_t
                0x000000000800cb78       0x80 build_ak-base-kit-stm32l151-application/link.o
 .text._Z9task_linkP8ak_msg_t
                0x000000000800cbf8        0xc build_ak-base-kit-stm32l151-application/link.o
                0x000000000800cbf8                task_link(ak_msg_t*)
 .text._Z23link_init_state_machinev
                0x000000000800cc04       0x2c build_ak-base-kit-stm32l151-application/link.o
                0x000000000800cc04                link_init_state_machine()
 .text._ZL23link_mac_frame_send_reqv
                0x000000000800cc30       0x3c build_ak-base-kit-stm32l151-application/link_mac.o
 .text._ZL23link_mac_frame_send_endv
                0x000000000800cc6c       0x34 build_ak-base-kit-stm32l151-application/link_mac.o
 .text._ZL28link_mac_frame_cals_checksumP16link_mac_frame_t.constprop.0
                0x000000000800cca0       0x38 build_ak-base-kit-stm32l151-application/link_mac.o
 .text._Z25fsm_link_mac_state_handleP8ak_msg_t
                0x000000000800ccd8      0x2b8 build_ak-base-kit-stm32l151-application/link_mac.o
                0x000000000800ccd8                fsm_link_mac_state_handle(ak_msg_t*)
 .text._Z13task_link_macP8ak_msg_t
                0x000000000800cf90        0xc build_ak-base-kit-stm32l151-application/link_mac.o
                0x000000000800cf90                task_link_mac(ak_msg_t*)
 .text._Z23fsm_link_mac_state_initP8ak_msg_t