sources/networks/rf_protocols/rf24/nwk/nrf_data.cpp:22:6:void nrf_nwk_pdu_init()	0	static
sources/networks/rf_protocols/rf24/nwk/nrf_data.cpp:38:16:nrf_nwk_pdu_t* nrf_nwk_pdu_malloc()	16	static
sources/networks/rf_protocols/rf24/nwk/nrf_data.cpp:53:6:void nrf_nwk_pdu_free(nrf_nwk_pdu_t*)	8	static
sources/networks/rf_protocols/rf24/nwk/nrf_data.cpp:62:16:nrf_nwk_pdu_t* nrf_nwk_pdu_get(uint32_t)	8	static
sources/networks/rf_protocols/rf24/nwk/nrf_data.cpp:67:6:void nrf_nwk_pdu_free(uint32_t)	16	static
sources/networks/rf_protocols/rf24/nwk/nrf_data.cpp:81:6:void nrf_set_static_nwk_addr(uint16_t)	16	static
sources/networks/rf_protocols/rf24/nwk/nrf_data.cpp:92:10:uint16_t nrf_get_static_nwk_addr()	24	static
sources/networks/rf_protocols/rf24/nwk/nrf_data.cpp:105:6:void nrf_set_des_nwk_addr(uint16_t)	16	static
sources/networks/rf_protocols/rf24/nwk/nrf_data.cpp:116:10:uint16_t nrf_get_des_nwk_addr()	24	static
sources/networks/rf_protocols/rf24/nwk/nrf_data.cpp:129:10:uint8_t* nrf_get_des_phy_addr()	16	static
sources/networks/rf_protocols/rf24/nwk/nrf_data.cpp:139:10:uint8_t* nrf_get_src_phy_addr()	16	static
