sources/platform/stm32l/Libraries/STM32L1xx_StdPeriph_Driver/src/stm32l1xx_rtc.c:2637:16:RTC_ByteToBcd2	0	static
sources/platform/stm32l/Libraries/STM32L1xx_StdPeriph_Driver/src/stm32l1xx_rtc.c:2655:16:RTC_Bcd2ToByte	0	static
sources/platform/stm32l/Libraries/STM32L1xx_StdPeriph_Driver/src/stm32l1xx_rtc.c:442:6:RTC_StructInit	0	static
sources/platform/stm32l/Libraries/STM32L1xx_StdPeriph_Driver/src/stm32l1xx_rtc.c:464:6:RTC_WriteProtectionCmd	0	static
sources/platform/stm32l/Libraries/STM32L1xx_StdPeriph_Driver/src/stm32l1xx_rtc.c:492:13:RTC_EnterInitMode	8	static
sources/platform/stm32l/Libraries/STM32L1xx_StdPeriph_Driver/src/stm32l1xx_rtc.c:537:6:RTC_ExitInitMode	0	static
sources/platform/stm32l/Libraries/STM32L1xx_StdPeriph_Driver/src/stm32l1xx_rtc.c:396:13:RTC_Init	16	static
sources/platform/stm32l/Libraries/STM32L1xx_StdPeriph_Driver/src/stm32l1xx_rtc.c:559:13:RTC_WaitForSynchro	8	static
sources/platform/stm32l/Libraries/STM32L1xx_StdPeriph_Driver/src/stm32l1xx_rtc.c:312:13:RTC_DeInit	24	static
sources/platform/stm32l/Libraries/STM32L1xx_StdPeriph_Driver/src/stm32l1xx_rtc.c:602:13:RTC_RefClockCmd	16	static
sources/platform/stm32l/Libraries/STM32L1xx_StdPeriph_Driver/src/stm32l1xx_rtc.c:650:6:RTC_BypassShadowCmd	0	static
sources/platform/stm32l/Libraries/STM32L1xx_StdPeriph_Driver/src/stm32l1xx_rtc.c:704:13:RTC_SetTime	24	static
sources/platform/stm32l/Libraries/STM32L1xx_StdPeriph_Driver/src/stm32l1xx_rtc.c:808:6:RTC_TimeStructInit	0	static
sources/platform/stm32l/Libraries/STM32L1xx_StdPeriph_Driver/src/stm32l1xx_rtc.c:827:6:RTC_GetTime	16	static
sources/platform/stm32l/Libraries/STM32L1xx_StdPeriph_Driver/src/stm32l1xx_rtc.c:858:10:RTC_GetSubSecond	0	static
sources/platform/stm32l/Libraries/STM32L1xx_StdPeriph_Driver/src/stm32l1xx_rtc.c:883:13:RTC_SetDate	16	static
sources/platform/stm32l/Libraries/STM32L1xx_StdPeriph_Driver/src/stm32l1xx_rtc.c:974:6:RTC_DateStructInit	0	static
sources/platform/stm32l/Libraries/STM32L1xx_StdPeriph_Driver/src/stm32l1xx_rtc.c:993:6:RTC_GetDate	16	static
sources/platform/stm32l/Libraries/STM32L1xx_StdPeriph_Driver/src/stm32l1xx_rtc.c:1053:6:RTC_SetAlarm	32	static
sources/platform/stm32l/Libraries/STM32L1xx_StdPeriph_Driver/src/stm32l1xx_rtc.c:1164:6:RTC_AlarmStructInit	0	static
sources/platform/stm32l/Libraries/STM32L1xx_StdPeriph_Driver/src/stm32l1xx_rtc.c:1194:6:RTC_GetAlarm	24	static
sources/platform/stm32l/Libraries/STM32L1xx_StdPeriph_Driver/src/stm32l1xx_rtc.c:1248:13:RTC_AlarmCmd	8	static
sources/platform/stm32l/Libraries/STM32L1xx_StdPeriph_Driver/src/stm32l1xx_rtc.c:1342:6:RTC_AlarmSubSecondConfig	8	static
sources/platform/stm32l/Libraries/STM32L1xx_StdPeriph_Driver/src/stm32l1xx_rtc.c:1383:10:RTC_GetAlarmSubSecond	0	static
sources/platform/stm32l/Libraries/STM32L1xx_StdPeriph_Driver/src/stm32l1xx_rtc.c:1431:6:RTC_WakeUpClockConfig	0	static
sources/platform/stm32l/Libraries/STM32L1xx_StdPeriph_Driver/src/stm32l1xx_rtc.c:1458:6:RTC_SetWakeUpCounter	0	static
sources/platform/stm32l/Libraries/STM32L1xx_StdPeriph_Driver/src/stm32l1xx_rtc.c:1479:10:RTC_GetWakeUpCounter	0	static
sources/platform/stm32l/Libraries/STM32L1xx_StdPeriph_Driver/src/stm32l1xx_rtc.c:1491:13:RTC_WakeUpCmd	8	static
sources/platform/stm32l/Libraries/STM32L1xx_StdPeriph_Driver/src/stm32l1xx_rtc.c:1567:6:RTC_DayLightSavingConfig	8	static
sources/platform/stm32l/Libraries/STM32L1xx_StdPeriph_Driver/src/stm32l1xx_rtc.c:1594:10:RTC_GetStoreOperation	0	static
sources/platform/stm32l/Libraries/STM32L1xx_StdPeriph_Driver/src/stm32l1xx_rtc.c:1632:6:RTC_OutputConfig	8	static
sources/platform/stm32l/Libraries/STM32L1xx_StdPeriph_Driver/src/stm32l1xx_rtc.c:1683:13:RTC_CoarseCalibConfig	16	static
sources/platform/stm32l/Libraries/STM32L1xx_StdPeriph_Driver/src/stm32l1xx_rtc.c:1724:13:RTC_CoarseCalibCmd	16	static
sources/platform/stm32l/Libraries/STM32L1xx_StdPeriph_Driver/src/stm32l1xx_rtc.c:1771:6:RTC_CalibOutputCmd	0	static
sources/platform/stm32l/Libraries/STM32L1xx_StdPeriph_Driver/src/stm32l1xx_rtc.c:1803:6:RTC_CalibOutputConfig	0	static
sources/platform/stm32l/Libraries/STM32L1xx_StdPeriph_Driver/src/stm32l1xx_rtc.c:1839:13:RTC_SmoothCalibConfig	12	static
sources/platform/stm32l/Libraries/STM32L1xx_StdPeriph_Driver/src/stm32l1xx_rtc.c:1915:6:RTC_TimeStampCmd	0	static
sources/platform/stm32l/Libraries/STM32L1xx_StdPeriph_Driver/src/stm32l1xx_rtc.c:1959:6:RTC_GetTimeStamp	24	static
sources/platform/stm32l/Libraries/STM32L1xx_StdPeriph_Driver/src/stm32l1xx_rtc.c:2003:10:RTC_GetTimeStampSubSecond	0	static
sources/platform/stm32l/Libraries/STM32L1xx_StdPeriph_Driver/src/stm32l1xx_rtc.c:2041:6:RTC_TamperTriggerConfig	0	static
sources/platform/stm32l/Libraries/STM32L1xx_StdPeriph_Driver/src/stm32l1xx_rtc.c:2071:6:RTC_TamperCmd	0	static
sources/platform/stm32l/Libraries/STM32L1xx_StdPeriph_Driver/src/stm32l1xx_rtc.c:2102:6:RTC_TamperFilterConfig	0	static
sources/platform/stm32l/Libraries/STM32L1xx_StdPeriph_Driver/src/stm32l1xx_rtc.c:2136:6:RTC_TamperSamplingFreqConfig	0	static
sources/platform/stm32l/Libraries/STM32L1xx_StdPeriph_Driver/src/stm32l1xx_rtc.c:2159:6:RTC_TamperPinsPrechargeDuration	0	static
sources/platform/stm32l/Libraries/STM32L1xx_StdPeriph_Driver/src/stm32l1xx_rtc.c:2179:6:RTC_TimeStampOnTamperDetectionCmd	0	static
sources/platform/stm32l/Libraries/STM32L1xx_StdPeriph_Driver/src/stm32l1xx_rtc.c:2202:6:RTC_TamperPullUpCmd	0	static
sources/platform/stm32l/Libraries/STM32L1xx_StdPeriph_Driver/src/stm32l1xx_rtc.c:2243:6:RTC_WriteBackupRegister	8	static
sources/platform/stm32l/Libraries/STM32L1xx_StdPeriph_Driver/src/stm32l1xx_rtc.c:2264:10:RTC_ReadBackupRegister	8	static
sources/platform/stm32l/Libraries/STM32L1xx_StdPeriph_Driver/src/stm32l1xx_rtc.c:2304:6:RTC_OutputTypeConfig	0	static
sources/platform/stm32l/Libraries/STM32L1xx_StdPeriph_Driver/src/stm32l1xx_rtc.c:2342:13:RTC_SynchroShiftConfig	8	static
sources/platform/stm32l/Libraries/STM32L1xx_StdPeriph_Driver/src/stm32l1xx_rtc.c:2462:6:RTC_ITConfig	8	static
sources/platform/stm32l/Libraries/STM32L1xx_StdPeriph_Driver/src/stm32l1xx_rtc.c:2512:12:RTC_GetFlagStatus	0	static
sources/platform/stm32l/Libraries/STM32L1xx_StdPeriph_Driver/src/stm32l1xx_rtc.c:2550:6:RTC_ClearFlag	0	static
sources/platform/stm32l/Libraries/STM32L1xx_StdPeriph_Driver/src/stm32l1xx_rtc.c:2572:10:RTC_GetITStatus	8	static
sources/platform/stm32l/Libraries/STM32L1xx_StdPeriph_Driver/src/stm32l1xx_rtc.c:2614:6:RTC_ClearITPendingBit	0	static
